<html>
<body>
<pre>
<h1>µVision Build Log</h1>
<h2>Tool Versions:</h2>
IDE-Version: µVision V5.36.0.0
Copyright (C) 2021 ARM Ltd and ARM Germany GmbH. All rights reserved.
License Information: Stanis³aw Mazurski, AGH uniwersity of Kraków, LIC=----
 
Tool Versions:
Toolchain:       MDK-Lite  Version: 5.36.0.0
Toolchain Path:  E:\Program Files\keil\ARM\ARMCLANG\Bin
C Compiler:      ArmClang.exe V6.16
Assembler:       Armasm.exe V6.16
Linker/Locator:  ArmLink.exe V6.16
Library Manager: ArmAr.exe V6.16
Hex Converter:   FromElf.exe V6.16
CPU DLL:         SARMCM3.DLL V5.36.0.0
Dialog DLL:      DARMCM1.DLL V1.19.4.0
Target DLL:      Segger\JL2CM3.dll V2.99.40.0
Dialog DLL:      TARMCM1.DLL V1.14.4.0
 
<h2>Project:</h2>
E:\pobrane\RC-Car-jkubuszek (2)\RC-Car-jkubuszek\RC_Car.uvprojx
Project File Date:  12/30/2025

<h2>Output:</h2>
*** Using Compiler 'V6.16', folder: 'E:\Program Files\keil\ARM\ARMCLANG\Bin'
Build target 'FRDM_KL05ZJ'
PIDreg.c(12): warning: implicit conversion loses integer precision: 'int' to 'int16_t' (aka 'short') [-Wimplicit-int-conversion]
                        z = data[0]<<8 | data[1];
                          ~ ~~~~~~~~~~~^~~~~~~~~
PIDreg.c(13): warning: implicit conversion loses integer precision: 'int' to 'int16_t' (aka 'short') [-Wimplicit-int-conversion]
                        z = z - gyro_error;
                          ~ ~~^~~~~~~~~~~~
PIDreg.c(21): warning: implicit conversion loses integer precision: 'int' to 'uint16_t' (aka 'unsigned short') [-Wimplicit-int-conversion]
                        steer = pid/128;
                              ~ ~~~^~~~
3 warnings generated.
compiling PIDreg.c...
linking...
Program Size: Code=3204 RO-data=224 RW-data=4 ZI-data=432  
".\Objects\RC_Car.axf" - 0 Error(s), 3 Warning(s).

<h2>Software Packages used:</h2>

Package Vendor: ARM
                http://www.keil.com/pack/ARM.CMSIS.5.8.0.pack
                ARM.CMSIS.5.8.0
                CMSIS (Common Microcontroller Software Interface Standard)
   * Component: CORE Version: 5.5.0

Package Vendor: Keil
                https://www.keil.com/pack/Keil.Kinetis_KLxx_DFP.1.15.1.pack
                Keil.Kinetis_KLxx_DFP.1.15.1
                NXP Kinetis KLxx Series Device Support and Examples
   * Component: Startup Version: 1.0.0

<h2>Collection of Component include folders:</h2>
  .\RTE\_FRDM_KL05ZJ
  E:\miodz\AppData\local\Arm\pack\ARM\CMSIS\5.8.0\CMSIS\Core\Include
  E:\miodz\AppData\local\Arm\pack\Keil\Kinetis_KLxx_DFP\1.15.1\Device\Include

<h2>Collection of Component Files used:</h2>

   * Component: ARM::CMSIS:CORE:5.5.0

   * Component: Keil::Device:Startup:1.0.0
      Source file:   Device\Source\ARM\startup_MKL05Z4.s
      Source file:   Device\Source\system_MKL05Z4.c
Build Time Elapsed:  00:00:01
</pre>
</body>
</html>
