<html>
<body>
<pre>
<h1>µVision Build Log</h1>
<h2>Tool Versions:</h2>
IDE-Version: µVision V5.36.0.0
Copyright (C) 2021 ARM Ltd and ARM Germany GmbH. All rights reserved.
License Information: Jakub Kubuszek, AGH University of Cracow, LIC=----
 
Tool Versions:
Toolchain:       MDK-Lite  Version: 5.36.0.0
Toolchain Path:  C:\Keil_v5\ARM\ARMCLANG\Bin
C Compiler:      ArmClang.exe V6.16
Assembler:       Armasm.exe V6.16
Linker/Locator:  ArmLink.exe V6.16
Library Manager: ArmAr.exe V6.16
Hex Converter:   FromElf.exe V6.16
CPU DLL:         SARMCM3.DLL V5.36.0.0
Dialog DLL:      DARMCM1.DLL V1.19.4.0
Target DLL:      UL2CM3.DLL V1.164.0.0
Dialog DLL:      TARMCM1.DLL V1.14.4.0
 
<h2>Project:</h2>
C:\Users\kubak\projekty_git\RC-Car\RC_Car.uvprojx
Project File Date:  12/15/2025

<h2>Output:</h2>
*** Using Compiler 'V6.16', folder: 'C:\Keil_v5\ARM\ARMCLANG\Bin'
Build target 'FRDM_KL05ZJ'
main.c(15): warning: implicit declaration of function 'InitDrive' is invalid in C99 [-Wimplicit-function-declaration]
    InitDrive();
    ^
main.c(19): warning: 'return' will never be executed [-Wunreachable-code-return]
    return 0;
           ^
main.c(34): warning: empty expression statement has no effect; remove unnecessary ';' to silence this warning [-Wextra-semi-stmt]
                UART0->C2 &= ~UART0_C2_RIE_MASK;        ; //disable rx interrupts
                                                        ^~
main.c(46): warning: no newline at end of file [-Wnewline-eof]
}
 ^
main.c(22): warning: no previous prototype for function 'UART0_IRQHandler' [-Wmissing-prototypes]
void UART0_IRQHandler(void) {
     ^
main.c(22): note: declare 'static' if the function is not intended to be used outside of this translation unit
void UART0_IRQHandler(void) {
^
static 
5 warnings generated.
compiling main.c...
InitPWM.c(27): warning: no newline at end of file [-Wnewline-eof]
}
 ^
1 warning generated.
compiling InitPWM.c...
linking...
Program Size: Code=1528 RO-data=236 RW-data=0 ZI-data=368  
".\Objects\RC_Car.axf" - 0 Error(s), 6 Warning(s).

<h2>Software Packages used:</h2>

Package Vendor: ARM
                https://www.keil.com/pack/ARM.CMSIS.6.2.0.pack
                ARM.CMSIS.6.2.0
                CMSIS (Common Microcontroller Software Interface Standard)
   * Component: CORE Version: 6.1.1

Package Vendor: Keil
                https://www.keil.com/pack/Keil.Kinetis_KLxx_DFP.1.15.1.pack
                Keil.Kinetis_KLxx_DFP.1.15.1
                NXP Kinetis KLxx Series Device Support and Examples
   * Component: Startup Version: 1.0.0

<h2>Collection of Component include folders:</h2>
  .\RTE\_FRDM_KL05ZJ
  C:\Users\kubak\AppData\Local\Arm\Packs\ARM\CMSIS\6.2.0\CMSIS\Core\Include
  C:\Users\kubak\AppData\Local\Arm\Packs\Keil\Kinetis_KLxx_DFP\1.15.1\Device\Include

<h2>Collection of Component Files used:</h2>

   * Component: ARM::CMSIS:CORE:6.1.1

   * Component: Keil::Device:Startup:1.0.0
      Source file:   Device\Source\system_MKL05Z4.c
      Source file:   Device\Source\ARM\startup_MKL05Z4.s
Build Time Elapsed:  00:00:01
</pre>
</body>
</html>
