Component: ARM Compiler 6.16 Tool: armlink [5dfeaa00]

==============================================================================

Section Cross References

    main.o(.text.main) refers to initpwm.o(.text.InitPWM) for InitPWM
    main.o(.text.main) refers to inituart.o(.text.InitUART) for InitUART
    main.o(.text.main) refers to initdrive.o(.text.InitDrive) for InitDrive
    main.o(.text.main) refers to initlight.o(.text.InitLight) for InitLight
    main.o(.text.main) refers to initpid.o(.text.InitPID) for InitPID
    main.o(.text.main) refers to aeabi_sdivfast.o(.text_divfast) for __aeabi_uidiv
    main.o(.text.main) refers to main.o(.text.SysTick_Config) for SysTick_Config
    main.o(.text.main) refers to steering.o(.text.steering) for steering
    main.o(.text.main) refers to pidreg.o(.text.PIDreg) for PIDreg
    main.o(.text.main) refers to light.o(.text.blinker) for blinker
    main.o(.text.main) refers to light.o(.text.light) for light
    main.o(.text.main) refers to system_mkl05z4.o(.data.SystemCoreClock) for SystemCoreClock
    main.o(.text.main) refers to main.o(.bss.message_ready) for message_ready
    main.o(.text.main) refers to main.o(.bss.rx_buffer) for rx_buffer
    main.o(.text.main) refers to main.o(.bss.right) for right
    main.o(.text.main) refers to main.o(.bss.speed) for speed
    main.o(.text.main) refers to main.o(.bss.steer) for steer
    main.o(.ARM.exidx.text.main) refers to main.o(.text.main) for [Anonymous Symbol]
    main.o(.text.SysTick_Config) refers to main.o(.text.__NVIC_SetPriority) for __NVIC_SetPriority
    main.o(.ARM.exidx.text.SysTick_Config) refers to main.o(.text.SysTick_Config) for [Anonymous Symbol]
    main.o(.text.UART0_IRQHandler) refers to main.o(.bss.buff_index) for buff_index
    main.o(.text.UART0_IRQHandler) refers to main.o(.bss.rx_buffer) for rx_buffer
    main.o(.text.UART0_IRQHandler) refers to main.o(.bss.message_ready) for message_ready
    main.o(.ARM.exidx.text.UART0_IRQHandler) refers to main.o(.text.UART0_IRQHandler) for [Anonymous Symbol]
    main.o(.text.SysTick_Handler) refers to main.o(.bss.sekunda) for sekunda
    main.o(.text.SysTick_Handler) refers to main.o(.bss.sekunda_OK) for sekunda_OK
    main.o(.ARM.exidx.text.SysTick_Handler) refers to main.o(.text.SysTick_Handler) for [Anonymous Symbol]
    main.o(.ARM.exidx.text.__NVIC_SetPriority) refers to main.o(.text.__NVIC_SetPriority) for [Anonymous Symbol]
    initdrive.o(.ARM.exidx.text.InitDrive) refers to initdrive.o(.text.InitDrive) for [Anonymous Symbol]
    initpwm.o(.ARM.exidx.text.InitPWM) refers to initpwm.o(.text.InitPWM) for [Anonymous Symbol]
    inituart.o(.text.InitUART) refers to inituart.o(.text.__NVIC_EnableIRQ) for __NVIC_EnableIRQ
    inituart.o(.text.InitUART) refers to inituart.o(.text.__NVIC_ClearPendingIRQ) for __NVIC_ClearPendingIRQ
    inituart.o(.ARM.exidx.text.InitUART) refers to inituart.o(.text.InitUART) for [Anonymous Symbol]
    inituart.o(.ARM.exidx.text.__NVIC_EnableIRQ) refers to inituart.o(.text.__NVIC_EnableIRQ) for [Anonymous Symbol]
    inituart.o(.ARM.exidx.text.__NVIC_ClearPendingIRQ) refers to inituart.o(.text.__NVIC_ClearPendingIRQ) for [Anonymous Symbol]
    steering.o(.text.steering) refers to main.o(.bss.rx_buffer) for rx_buffer
    steering.o(.text.steering) refers to main.o(.bss.right) for right
    steering.o(.text.steering) refers to main.o(.bss.speed) for speed
    steering.o(.text.steering) refers to main.o(.bss.steer) for steer
    steering.o(.text.steering) refers to main.o(.bss.steer_ext) for steer_ext
    steering.o(.ARM.exidx.text.steering) refers to steering.o(.text.steering) for [Anonymous Symbol]
    light.o(.text.light) refers to main.o(.bss.rx_buffer) for rx_buffer
    light.o(.text.light) refers to main.o(.bss.lb_active) for lb_active
    light.o(.text.light) refers to main.o(.bss.rb_active) for rb_active
    light.o(.text.light) refers to main.o(.bss.sekunda_OK) for sekunda_OK
    light.o(.ARM.exidx.text.light) refers to light.o(.text.light) for [Anonymous Symbol]
    light.o(.text.blinker) refers to main.o(.bss.sekunda_OK) for sekunda_OK
    light.o(.text.blinker) refers to main.o(.bss.lb_active) for lb_active
    light.o(.text.blinker) refers to main.o(.bss.rb_active) for rb_active
    light.o(.ARM.exidx.text.blinker) refers to light.o(.text.blinker) for [Anonymous Symbol]
    initlight.o(.ARM.exidx.text.InitLight) refers to initlight.o(.text.InitLight) for [Anonymous Symbol]
    initpid.o(.text.InitPID) refers to i2c.o(.text.I2C_Init) for I2C_Init
    initpid.o(.text.InitPID) refers to i2c.o(.text.I2C_Ping) for I2C_Ping
    initpid.o(.text.InitPID) refers to i2c.o(.text.I2C_WriteReg) for I2C_WriteReg
    initpid.o(.text.InitPID) refers to i2c.o(.text.I2C_ReadRegBlock) for I2C_ReadRegBlock
    initpid.o(.text.InitPID) refers to main.o(.bss.z) for z
    initpid.o(.text.InitPID) refers to main.o(.bss.gyro_error) for gyro_error
    initpid.o(.ARM.exidx.text.InitPID) refers to initpid.o(.text.InitPID) for [Anonymous Symbol]
    i2c.o(.ARM.exidx.text.I2C_Init) refers to i2c.o(.text.I2C_Init) for [Anonymous Symbol]
    i2c.o(.text.I2C_Ping) refers to i2c.o(.text.i2c_enable) for i2c_enable
    i2c.o(.text.I2C_Ping) refers to i2c.o(.text.i2c_tran) for i2c_tran
    i2c.o(.text.I2C_Ping) refers to i2c.o(.text.i2c_m_start) for i2c_m_start
    i2c.o(.text.I2C_Ping) refers to i2c.o(.text.i2c_send) for i2c_send
    i2c.o(.text.I2C_Ping) refers to i2c.o(.text.i2c_wait) for i2c_wait
    i2c.o(.text.I2C_Ping) refers to i2c.o(.text.i2c_m_stop) for i2c_m_stop
    i2c.o(.text.I2C_Ping) refers to i2c.o(.text.i2c_disable) for i2c_disable
    i2c.o(.text.I2C_Ping) refers to i2c.o(.bss.error) for [Anonymous Symbol]
    i2c.o(.ARM.exidx.text.I2C_Ping) refers to i2c.o(.text.I2C_Ping) for [Anonymous Symbol]
    i2c.o(.ARM.exidx.text.i2c_enable) refers to i2c.o(.text.i2c_enable) for [Anonymous Symbol]
    i2c.o(.ARM.exidx.text.i2c_tran) refers to i2c.o(.text.i2c_tran) for [Anonymous Symbol]
    i2c.o(.ARM.exidx.text.i2c_m_start) refers to i2c.o(.text.i2c_m_start) for [Anonymous Symbol]
    i2c.o(.ARM.exidx.text.i2c_send) refers to i2c.o(.text.i2c_send) for [Anonymous Symbol]
    i2c.o(.text.i2c_wait) refers to i2c.o(.text.i2c_clr_IICIF) for i2c_clr_IICIF
    i2c.o(.text.i2c_wait) refers to i2c.o(.bss.error) for [Anonymous Symbol]
    i2c.o(.ARM.exidx.text.i2c_wait) refers to i2c.o(.text.i2c_wait) for [Anonymous Symbol]
    i2c.o(.ARM.exidx.text.i2c_m_stop) refers to i2c.o(.text.i2c_m_stop) for [Anonymous Symbol]
    i2c.o(.ARM.exidx.text.i2c_disable) refers to i2c.o(.text.i2c_disable) for [Anonymous Symbol]
    i2c.o(.text.I2C_Write) refers to i2c.o(.text.i2c_enable) for i2c_enable
    i2c.o(.text.I2C_Write) refers to i2c.o(.text.i2c_tran) for i2c_tran
    i2c.o(.text.I2C_Write) refers to i2c.o(.text.i2c_m_start) for i2c_m_start
    i2c.o(.text.I2C_Write) refers to i2c.o(.text.i2c_send) for i2c_send
    i2c.o(.text.I2C_Write) refers to i2c.o(.text.i2c_wait) for i2c_wait
    i2c.o(.text.I2C_Write) refers to i2c.o(.text.i2c_m_stop) for i2c_m_stop
    i2c.o(.text.I2C_Write) refers to i2c.o(.text.i2c_disable) for i2c_disable
    i2c.o(.text.I2C_Write) refers to i2c.o(.bss.error) for [Anonymous Symbol]
    i2c.o(.ARM.exidx.text.I2C_Write) refers to i2c.o(.text.I2C_Write) for [Anonymous Symbol]
    i2c.o(.text.I2C_Read) refers to i2c.o(.text.i2c_enable) for i2c_enable
    i2c.o(.text.I2C_Read) refers to i2c.o(.text.i2c_tran) for i2c_tran
    i2c.o(.text.I2C_Read) refers to i2c.o(.text.i2c_m_start) for i2c_m_start
    i2c.o(.text.I2C_Read) refers to i2c.o(.text.i2c_send) for i2c_send
    i2c.o(.text.I2C_Read) refers to i2c.o(.text.i2c_wait) for i2c_wait
    i2c.o(.text.I2C_Read) refers to i2c.o(.text.i2c_rec) for i2c_rec
    i2c.o(.text.I2C_Read) refers to i2c.o(.text.i2c_nack) for i2c_nack
    i2c.o(.text.I2C_Read) refers to i2c.o(.text.i2c_recv) for i2c_recv
    i2c.o(.text.I2C_Read) refers to i2c.o(.text.i2c_wait_rec) for i2c_wait_rec
    i2c.o(.text.I2C_Read) refers to i2c.o(.text.i2c_m_stop) for i2c_m_stop
    i2c.o(.text.I2C_Read) refers to i2c.o(.text.i2c_disable) for i2c_disable
    i2c.o(.text.I2C_Read) refers to i2c.o(.bss.error) for [Anonymous Symbol]
    i2c.o(.text.I2C_Read) refers to i2c.o(.bss.dummy) for dummy
    i2c.o(.ARM.exidx.text.I2C_Read) refers to i2c.o(.text.I2C_Read) for [Anonymous Symbol]
    i2c.o(.ARM.exidx.text.i2c_rec) refers to i2c.o(.text.i2c_rec) for [Anonymous Symbol]
    i2c.o(.ARM.exidx.text.i2c_nack) refers to i2c.o(.text.i2c_nack) for [Anonymous Symbol]
    i2c.o(.ARM.exidx.text.i2c_recv) refers to i2c.o(.text.i2c_recv) for [Anonymous Symbol]
    i2c.o(.text.i2c_wait_rec) refers to i2c.o(.text.i2c_clr_IICIF) for i2c_clr_IICIF
    i2c.o(.text.i2c_wait_rec) refers to i2c.o(.bss.error) for [Anonymous Symbol]
    i2c.o(.ARM.exidx.text.i2c_wait_rec) refers to i2c.o(.text.i2c_wait_rec) for [Anonymous Symbol]
    i2c.o(.text.I2C_WriteReg) refers to i2c.o(.text.i2c_enable) for i2c_enable
    i2c.o(.text.I2C_WriteReg) refers to i2c.o(.text.i2c_tran) for i2c_tran
    i2c.o(.text.I2C_WriteReg) refers to i2c.o(.text.i2c_m_start) for i2c_m_start
    i2c.o(.text.I2C_WriteReg) refers to i2c.o(.text.i2c_send) for i2c_send
    i2c.o(.text.I2C_WriteReg) refers to i2c.o(.text.i2c_wait) for i2c_wait
    i2c.o(.text.I2C_WriteReg) refers to i2c.o(.text.i2c_m_stop) for i2c_m_stop
    i2c.o(.text.I2C_WriteReg) refers to i2c.o(.text.i2c_disable) for i2c_disable
    i2c.o(.text.I2C_WriteReg) refers to i2c.o(.bss.error) for [Anonymous Symbol]
    i2c.o(.ARM.exidx.text.I2C_WriteReg) refers to i2c.o(.text.I2C_WriteReg) for [Anonymous Symbol]
    i2c.o(.text.I2C_ReadReg) refers to i2c.o(.text.i2c_enable) for i2c_enable
    i2c.o(.text.I2C_ReadReg) refers to i2c.o(.text.i2c_clr_IICIF) for i2c_clr_IICIF
    i2c.o(.text.I2C_ReadReg) refers to i2c.o(.text.i2c_tran) for i2c_tran
    i2c.o(.text.I2C_ReadReg) refers to i2c.o(.text.i2c_m_start) for i2c_m_start
    i2c.o(.text.I2C_ReadReg) refers to i2c.o(.text.i2c_send) for i2c_send
    i2c.o(.text.I2C_ReadReg) refers to i2c.o(.text.i2c_wait) for i2c_wait
    i2c.o(.text.I2C_ReadReg) refers to i2c.o(.text.i2c_m_rstart) for i2c_m_rstart
    i2c.o(.text.I2C_ReadReg) refers to i2c.o(.text.i2c_rec) for i2c_rec
    i2c.o(.text.I2C_ReadReg) refers to i2c.o(.text.i2c_nack) for i2c_nack
    i2c.o(.text.I2C_ReadReg) refers to i2c.o(.text.i2c_recv) for i2c_recv
    i2c.o(.text.I2C_ReadReg) refers to i2c.o(.text.i2c_wait_rec) for i2c_wait_rec
    i2c.o(.text.I2C_ReadReg) refers to i2c.o(.text.i2c_m_stop) for i2c_m_stop
    i2c.o(.text.I2C_ReadReg) refers to i2c.o(.text.i2c_disable) for i2c_disable
    i2c.o(.text.I2C_ReadReg) refers to i2c.o(.bss.error) for [Anonymous Symbol]
    i2c.o(.text.I2C_ReadReg) refers to i2c.o(.bss.dummy) for dummy
    i2c.o(.ARM.exidx.text.I2C_ReadReg) refers to i2c.o(.text.I2C_ReadReg) for [Anonymous Symbol]
    i2c.o(.ARM.exidx.text.i2c_clr_IICIF) refers to i2c.o(.text.i2c_clr_IICIF) for [Anonymous Symbol]
    i2c.o(.ARM.exidx.text.i2c_m_rstart) refers to i2c.o(.text.i2c_m_rstart) for [Anonymous Symbol]
    i2c.o(.text.I2C_ReadRegBlock) refers to i2c.o(.text.i2c_enable) for i2c_enable
    i2c.o(.text.I2C_ReadRegBlock) refers to i2c.o(.text.i2c_clr_IICIF) for i2c_clr_IICIF
    i2c.o(.text.I2C_ReadRegBlock) refers to i2c.o(.text.i2c_tran) for i2c_tran
    i2c.o(.text.I2C_ReadRegBlock) refers to i2c.o(.text.i2c_m_start) for i2c_m_start
    i2c.o(.text.I2C_ReadRegBlock) refers to i2c.o(.text.i2c_send) for i2c_send
    i2c.o(.text.I2C_ReadRegBlock) refers to i2c.o(.text.i2c_wait) for i2c_wait
    i2c.o(.text.I2C_ReadRegBlock) refers to i2c.o(.text.i2c_m_rstart) for i2c_m_rstart
    i2c.o(.text.I2C_ReadRegBlock) refers to i2c.o(.text.i2c_rec) for i2c_rec
    i2c.o(.text.I2C_ReadRegBlock) refers to i2c.o(.text.i2c_ack) for i2c_ack
    i2c.o(.text.I2C_ReadRegBlock) refers to i2c.o(.text.i2c_recv) for i2c_recv
    i2c.o(.text.I2C_ReadRegBlock) refers to i2c.o(.text.i2c_wait_rec) for i2c_wait_rec
    i2c.o(.text.I2C_ReadRegBlock) refers to i2c.o(.text.i2c_nack) for i2c_nack
    i2c.o(.text.I2C_ReadRegBlock) refers to i2c.o(.text.i2c_m_stop) for i2c_m_stop
    i2c.o(.text.I2C_ReadRegBlock) refers to i2c.o(.text.i2c_disable) for i2c_disable
    i2c.o(.text.I2C_ReadRegBlock) refers to i2c.o(.bss.error) for [Anonymous Symbol]
    i2c.o(.text.I2C_ReadRegBlock) refers to i2c.o(.bss.dummy) for dummy
    i2c.o(.ARM.exidx.text.I2C_ReadRegBlock) refers to i2c.o(.text.I2C_ReadRegBlock) for [Anonymous Symbol]
    i2c.o(.ARM.exidx.text.i2c_ack) refers to i2c.o(.text.i2c_ack) for [Anonymous Symbol]
    pidreg.o(.text.PIDreg) refers to i2c.o(.text.I2C_ReadRegBlock) for I2C_ReadRegBlock
    pidreg.o(.text.PIDreg) refers to main.o(.bss.steer_ext) for steer_ext
    pidreg.o(.text.PIDreg) refers to main.o(.bss.z) for z
    pidreg.o(.text.PIDreg) refers to main.o(.bss.gyro_error) for gyro_error
    pidreg.o(.text.PIDreg) refers to main.o(.bss.pro) for pro
    pidreg.o(.text.PIDreg) refers to main.o(.bss.in) for in
    pidreg.o(.text.PIDreg) refers to main.o(.bss.dif) for dif
    pidreg.o(.text.PIDreg) refers to main.o(.bss.right) for right
    pidreg.o(.text.PIDreg) refers to main.o(.bss.steer) for steer
    pidreg.o(.ARM.exidx.text.PIDreg) refers to pidreg.o(.text.PIDreg) for [Anonymous Symbol]
    startup_mkl05z4.o(STACK) refers (Special) to heapauxi.o(.text) for __use_two_region_memory
    startup_mkl05z4.o(HEAP) refers (Special) to heapauxi.o(.text) for __use_two_region_memory
    startup_mkl05z4.o(RESET) refers (Special) to heapauxi.o(.text) for __use_two_region_memory
    startup_mkl05z4.o(RESET) refers to startup_mkl05z4.o(STACK) for __initial_sp
    startup_mkl05z4.o(RESET) refers to startup_mkl05z4.o(.text) for Reset_Handler
    startup_mkl05z4.o(RESET) refers to main.o(.text.SysTick_Handler) for SysTick_Handler
    startup_mkl05z4.o(RESET) refers to main.o(.text.UART0_IRQHandler) for UART0_IRQHandler
    startup_mkl05z4.o(.ARM.__at_0x400) refers (Special) to heapauxi.o(.text) for __use_two_region_memory
    startup_mkl05z4.o(.text) refers (Special) to heapauxi.o(.text) for __use_two_region_memory
    startup_mkl05z4.o(.text) refers to system_mkl05z4.o(.text.SystemInit) for SystemInit
    startup_mkl05z4.o(.text) refers to __main.o(!!!main) for __main
    startup_mkl05z4.o(.text) refers to startup_mkl05z4.o(HEAP) for Heap_Mem
    startup_mkl05z4.o(.text) refers to startup_mkl05z4.o(STACK) for Stack_Mem
    system_mkl05z4.o(.ARM.exidx.text.SystemInit) refers to system_mkl05z4.o(.text.SystemInit) for [Anonymous Symbol]
    system_mkl05z4.o(.text.SystemCoreClockUpdate) refers to aeabi_sdivfast.o(.text_divfast) for __aeabi_uidiv
    system_mkl05z4.o(.text.SystemCoreClockUpdate) refers to system_mkl05z4.o(.data.SystemCoreClock) for SystemCoreClock
    system_mkl05z4.o(.ARM.exidx.text.SystemCoreClockUpdate) refers to system_mkl05z4.o(.text.SystemCoreClockUpdate) for [Anonymous Symbol]
    __main.o(!!!main) refers to __rtentry.o(.ARM.Collect$$rtentry$$00000000) for __rt_entry
    __rtentry.o(.ARM.Collect$$rtentry$$00000000) refers (Special) to __rtentry2.o(.ARM.Collect$$rtentry$$0000000A) for __rt_entry_li
    __rtentry.o(.ARM.Collect$$rtentry$$00000000) refers (Special) to __rtentry2.o(.ARM.Collect$$rtentry$$0000000D) for __rt_entry_main
    __rtentry.o(.ARM.Collect$$rtentry$$00000000) refers (Special) to __rtentry2.o(.ARM.Collect$$rtentry$$0000000C) for __rt_entry_postli_1
    __rtentry.o(.ARM.Collect$$rtentry$$00000000) refers (Special) to __rtentry2.o(.ARM.Collect$$rtentry$$00000009) for __rt_entry_postsh_1
    __rtentry.o(.ARM.Collect$$rtentry$$00000000) refers (Special) to __rtentry2.o(.ARM.Collect$$rtentry$$00000002) for __rt_entry_presh_1
    __rtentry.o(.ARM.Collect$$rtentry$$00000000) refers (Special) to __rtentry4.o(.ARM.Collect$$rtentry$$00000004) for __rt_entry_sh
    aeabi_idiv0_sigfpe.o(.text) refers to rt_div0.o(.text) for __rt_div0
    __rtentry2.o(.ARM.Collect$$rtentry$$00000008) refers to boardinit2.o(.text) for _platform_post_stackheap_init
    __rtentry2.o(.ARM.Collect$$rtentry$$0000000A) refers to libinit.o(.ARM.Collect$$libinit$$00000000) for __rt_lib_init
    __rtentry2.o(.ARM.Collect$$rtentry$$0000000B) refers to boardinit3.o(.text) for _platform_post_lib_init
    __rtentry2.o(.ARM.Collect$$rtentry$$0000000D) refers to main.o(.text.main) for main
    __rtentry2.o(.ARM.Collect$$rtentry$$0000000D) refers to exit.o(.text) for exit
    __rtentry2.o(.ARM.exidx) refers to __rtentry2.o(.ARM.Collect$$rtentry$$00000001) for .ARM.Collect$$rtentry$$00000001
    __rtentry2.o(.ARM.exidx) refers to __rtentry2.o(.ARM.Collect$$rtentry$$00000008) for .ARM.Collect$$rtentry$$00000008
    __rtentry2.o(.ARM.exidx) refers to __rtentry2.o(.ARM.Collect$$rtentry$$0000000A) for .ARM.Collect$$rtentry$$0000000A
    __rtentry2.o(.ARM.exidx) refers to __rtentry2.o(.ARM.Collect$$rtentry$$0000000B) for .ARM.Collect$$rtentry$$0000000B
    __rtentry2.o(.ARM.exidx) refers to __rtentry2.o(.ARM.Collect$$rtentry$$0000000D) for .ARM.Collect$$rtentry$$0000000D
    __rtentry4.o(.ARM.Collect$$rtentry$$00000004) refers to sys_stackheap_outer.o(.text) for __user_setup_stackheap
    __rtentry4.o(.ARM.exidx) refers to __rtentry4.o(.ARM.Collect$$rtentry$$00000004) for .ARM.Collect$$rtentry$$00000004
    rt_div0.o(.text) refers to defsig_fpe_outer.o(.text) for __rt_SIGFPE
    sys_stackheap_outer.o(.text) refers to libspace.o(.text) for __user_perproc_libspace
    sys_stackheap_outer.o(.text) refers to startup_mkl05z4.o(.text) for __user_initial_stackheap
    sys_stackheap_outer.o(__vectab_stack_and_reset_area) refers to tempstk.o(.text) for __temporary_stack_top
    sys_stackheap_outer.o(__vectab_stack_and_reset_area) refers to __main.o(!!!main) for __main
    exit.o(.text) refers to rtexit.o(.ARM.Collect$$rtexit$$00000000) for __rt_exit
    defsig_fpe_outer.o(.text) refers to defsig_fpe_inner.o(.text) for __rt_SIGFPE_inner
    defsig_fpe_outer.o(.text) refers to defsig_exit.o(.text) for __sig_exit
    defsig_fpe_formal.o(.text) refers to rt_raise.o(.text) for __rt_raise
    libinit.o(.ARM.Collect$$libinit$$00000000) refers (Special) to libinit2.o(.ARM.Collect$$libinit$$0000002E) for __rt_lib_init_alloca_1
    libinit.o(.ARM.Collect$$libinit$$00000000) refers (Special) to libinit2.o(.ARM.Collect$$libinit$$0000002C) for __rt_lib_init_argv_1
    libinit.o(.ARM.Collect$$libinit$$00000000) refers (Special) to libinit2.o(.ARM.Collect$$libinit$$0000001B) for __rt_lib_init_atexit_1
    libinit.o(.ARM.Collect$$libinit$$00000000) refers (Special) to libinit2.o(.ARM.Collect$$libinit$$00000021) for __rt_lib_init_clock_1
    libinit.o(.ARM.Collect$$libinit$$00000000) refers (Special) to libinit2.o(.ARM.Collect$$libinit$$00000032) for __rt_lib_init_cpp_1
    libinit.o(.ARM.Collect$$libinit$$00000000) refers (Special) to libinit2.o(.ARM.Collect$$libinit$$00000030) for __rt_lib_init_exceptions_1
    libinit.o(.ARM.Collect$$libinit$$00000000) refers (Special) to libinit2.o(.ARM.Collect$$libinit$$00000002) for __rt_lib_init_fp_1
    libinit.o(.ARM.Collect$$libinit$$00000000) refers (Special) to libinit2.o(.ARM.Collect$$libinit$$0000001F) for __rt_lib_init_fp_trap_1
    libinit.o(.ARM.Collect$$libinit$$00000000) refers (Special) to libinit2.o(.ARM.Collect$$libinit$$00000023) for __rt_lib_init_getenv_1
    libinit.o(.ARM.Collect$$libinit$$00000000) refers (Special) to libinit2.o(.ARM.Collect$$libinit$$0000000A) for __rt_lib_init_heap_1
    libinit.o(.ARM.Collect$$libinit$$00000000) refers (Special) to libinit2.o(.ARM.Collect$$libinit$$00000011) for __rt_lib_init_lc_collate_1
    libinit.o(.ARM.Collect$$libinit$$00000000) refers (Special) to libinit2.o(.ARM.Collect$$libinit$$00000013) for __rt_lib_init_lc_ctype_1
    libinit.o(.ARM.Collect$$libinit$$00000000) refers (Special) to libinit2.o(.ARM.Collect$$libinit$$00000015) for __rt_lib_init_lc_monetary_1
    libinit.o(.ARM.Collect$$libinit$$00000000) refers (Special) to libinit2.o(.ARM.Collect$$libinit$$00000017) for __rt_lib_init_lc_numeric_1
    libinit.o(.ARM.Collect$$libinit$$00000000) refers (Special) to libinit2.o(.ARM.Collect$$libinit$$00000019) for __rt_lib_init_lc_time_1
    libinit.o(.ARM.Collect$$libinit$$00000000) refers (Special) to libinit2.o(.ARM.Collect$$libinit$$00000004) for __rt_lib_init_preinit_1
    libinit.o(.ARM.Collect$$libinit$$00000000) refers (Special) to libinit2.o(.ARM.Collect$$libinit$$0000000E) for __rt_lib_init_rand_1
    libinit.o(.ARM.Collect$$libinit$$00000000) refers (Special) to libinit2.o(.ARM.Collect$$libinit$$00000033) for __rt_lib_init_return
    libinit.o(.ARM.Collect$$libinit$$00000000) refers (Special) to libinit2.o(.ARM.Collect$$libinit$$0000001D) for __rt_lib_init_signal_1
    libinit.o(.ARM.Collect$$libinit$$00000000) refers (Special) to libinit2.o(.ARM.Collect$$libinit$$00000025) for __rt_lib_init_stdio_1
    libinit.o(.ARM.Collect$$libinit$$00000000) refers (Special) to libinit2.o(.ARM.Collect$$libinit$$0000000C) for __rt_lib_init_user_alloc_1
    libspace.o(.text) refers to libspace.o(.bss) for __libspace_start
    rtexit.o(.ARM.Collect$$rtexit$$00000000) refers (Special) to rtexit2.o(.ARM.Collect$$rtexit$$00000004) for __rt_exit_exit
    rtexit.o(.ARM.Collect$$rtexit$$00000000) refers (Special) to rtexit2.o(.ARM.Collect$$rtexit$$00000003) for __rt_exit_ls
    rtexit.o(.ARM.Collect$$rtexit$$00000000) refers (Special) to rtexit2.o(.ARM.Collect$$rtexit$$00000002) for __rt_exit_prels_1
    rtexit.o(.ARM.exidx) refers (Special) to rtexit2.o(.ARM.Collect$$rtexit$$00000004) for __rt_exit_exit
    rtexit.o(.ARM.exidx) refers (Special) to rtexit2.o(.ARM.Collect$$rtexit$$00000003) for __rt_exit_ls
    rtexit.o(.ARM.exidx) refers (Special) to rtexit2.o(.ARM.Collect$$rtexit$$00000002) for __rt_exit_prels_1
    rtexit.o(.ARM.exidx) refers to rtexit.o(.ARM.Collect$$rtexit$$00000000) for .ARM.Collect$$rtexit$$00000000
    rt_raise.o(.text) refers to __raise.o(.text) for __raise
    rt_raise.o(.text) refers to sys_exit.o(.text) for _sys_exit
    defsig_exit.o(.text) refers to sys_exit.o(.text) for _sys_exit
    defsig_fpe_inner.o(.text) refers to defsig_general.o(.text) for __default_signal_display
    libinit2.o(.ARM.Collect$$libinit$$00000010) refers to libinit2.o(.ARM.Collect$$libinit$$0000000F) for .ARM.Collect$$libinit$$0000000F
    libinit2.o(.ARM.Collect$$libinit$$00000012) refers to libinit2.o(.ARM.Collect$$libinit$$0000000F) for .ARM.Collect$$libinit$$0000000F
    libinit2.o(.ARM.Collect$$libinit$$00000014) refers to libinit2.o(.ARM.Collect$$libinit$$0000000F) for .ARM.Collect$$libinit$$0000000F
    libinit2.o(.ARM.Collect$$libinit$$00000016) refers to libinit2.o(.ARM.Collect$$libinit$$0000000F) for .ARM.Collect$$libinit$$0000000F
    libinit2.o(.ARM.Collect$$libinit$$00000018) refers to libinit2.o(.ARM.Collect$$libinit$$0000000F) for .ARM.Collect$$libinit$$0000000F
    libinit2.o(.ARM.Collect$$libinit$$00000026) refers to argv_veneer.o(.text) for __ARM_argv_veneer
    libinit2.o(.ARM.Collect$$libinit$$00000027) refers to argv_veneer.o(.text) for __ARM_argv_veneer
    sys_exit.o(.text) refers (Special) to use_no_semi.o(.text) for __I$use$semihosting
    sys_exit.o(.text) refers (Special) to indicate_semi.o(.text) for __semihosting_library_function
    sys_exit_hlt.o(.text) refers (Special) to use_no_semi.o(.text) for __I$use$semihosting
    sys_exit_hlt.o(.text) refers (Special) to indicate_semi.o(.text) for __semihosting_library_function
    rtexit2.o(.ARM.Collect$$rtexit$$00000003) refers to libshutdown.o(.ARM.Collect$$libshutdown$$00000000) for __rt_lib_shutdown
    rtexit2.o(.ARM.Collect$$rtexit$$00000004) refers to sys_exit.o(.text) for _sys_exit
    rtexit2.o(.ARM.exidx) refers to rtexit2.o(.ARM.Collect$$rtexit$$00000001) for .ARM.Collect$$rtexit$$00000001
    rtexit2.o(.ARM.exidx) refers to rtexit2.o(.ARM.Collect$$rtexit$$00000003) for .ARM.Collect$$rtexit$$00000003
    rtexit2.o(.ARM.exidx) refers to rtexit2.o(.ARM.Collect$$rtexit$$00000004) for .ARM.Collect$$rtexit$$00000004
    __raise.o(.text) refers to defsig.o(CL$$defsig) for __default_signal_handler
    defsig_general.o(.text) refers to sys_wrch.o(.text) for _ttywrch
    sys_wrch.o(.text) refers (Special) to use_no_semi.o(.text) for __I$use$semihosting
    sys_wrch.o(.text) refers (Special) to indicate_semi.o(.text) for __semihosting_library_function
    sys_wrch_hlt.o(.text) refers (Special) to use_no_semi.o(.text) for __I$use$semihosting
    sys_wrch_hlt.o(.text) refers (Special) to indicate_semi.o(.text) for __semihosting_library_function
    defsig.o(CL$$defsig) refers to defsig_fpe_inner.o(.text) for __rt_SIGFPE_inner
    defsig.o(CL$$defsig) refers to defsig_rtmem_inner.o(.text) for __rt_SIGRTMEM_inner
    _get_argv_nomalloc.o(.text) refers (Special) to hrguard.o(.text) for __heap_region$guard
    _get_argv_nomalloc.o(.text) refers to defsig_rtmem_outer.o(.text) for __rt_SIGRTMEM
    _get_argv_nomalloc.o(.text) refers to sys_command.o(.text) for _sys_command_string
    libshutdown.o(.ARM.Collect$$libshutdown$$00000000) refers (Special) to libshutdown2.o(.ARM.Collect$$libshutdown$$00000002) for __rt_lib_shutdown_cpp_1
    libshutdown.o(.ARM.Collect$$libshutdown$$00000000) refers (Special) to libshutdown2.o(.ARM.Collect$$libshutdown$$00000007) for __rt_lib_shutdown_fp_trap_1
    libshutdown.o(.ARM.Collect$$libshutdown$$00000000) refers (Special) to libshutdown2.o(.ARM.Collect$$libshutdown$$0000000F) for __rt_lib_shutdown_heap_1
    libshutdown.o(.ARM.Collect$$libshutdown$$00000000) refers (Special) to libshutdown2.o(.ARM.Collect$$libshutdown$$00000010) for __rt_lib_shutdown_return
    libshutdown.o(.ARM.Collect$$libshutdown$$00000000) refers (Special) to libshutdown2.o(.ARM.Collect$$libshutdown$$0000000A) for __rt_lib_shutdown_signal_1
    libshutdown.o(.ARM.Collect$$libshutdown$$00000000) refers (Special) to libshutdown2.o(.ARM.Collect$$libshutdown$$00000004) for __rt_lib_shutdown_stdio_1
    libshutdown.o(.ARM.Collect$$libshutdown$$00000000) refers (Special) to libshutdown2.o(.ARM.Collect$$libshutdown$$0000000C) for __rt_lib_shutdown_user_alloc_1
    sys_command.o(.text) refers (Special) to use_no_semi.o(.text) for __I$use$semihosting
    sys_command.o(.text) refers (Special) to indicate_semi.o(.text) for __semihosting_library_function
    sys_command_hlt.o(.text) refers (Special) to use_no_semi.o(.text) for __I$use$semihosting
    sys_command_hlt.o(.text) refers (Special) to indicate_semi.o(.text) for __semihosting_library_function
    defsig_abrt_inner.o(.text) refers to defsig_general.o(.text) for __default_signal_display
    defsig_rtred_inner.o(.text) refers to defsig_general.o(.text) for __default_signal_display
    defsig_rtmem_inner.o(.text) refers to defsig_general.o(.text) for __default_signal_display
    defsig_rtmem_outer.o(.text) refers to defsig_rtmem_inner.o(.text) for __rt_SIGRTMEM_inner
    defsig_rtmem_outer.o(.text) refers to defsig_exit.o(.text) for __sig_exit
    defsig_rtmem_formal.o(.text) refers to rt_raise.o(.text) for __rt_raise
    defsig_stak_inner.o(.text) refers to defsig_general.o(.text) for __default_signal_display
    defsig_pvfn_inner.o(.text) refers to defsig_general.o(.text) for __default_signal_display
    defsig_cppl_inner.o(.text) refers to defsig_general.o(.text) for __default_signal_display
    defsig_segv_inner.o(.text) refers to defsig_general.o(.text) for __default_signal_display
    defsig_other.o(.text) refers to defsig_general.o(.text) for __default_signal_display


==============================================================================

Removing Unused input sections from the image.

    Removing main.o(.text), (0 bytes).
    Removing main.o(.ARM.exidx.text.main), (8 bytes).
    Removing main.o(.ARM.exidx.text.SysTick_Config), (8 bytes).
    Removing main.o(.ARM.exidx.text.UART0_IRQHandler), (8 bytes).
    Removing main.o(.ARM.exidx.text.SysTick_Handler), (8 bytes).
    Removing main.o(.ARM.exidx.text.__NVIC_SetPriority), (8 bytes).
    Removing main.o(.ARM.use_no_argv), (4 bytes).
    Removing initdrive.o(.text), (0 bytes).
    Removing initdrive.o(.ARM.exidx.text.InitDrive), (8 bytes).
    Removing initpwm.o(.text), (0 bytes).
    Removing initpwm.o(.ARM.exidx.text.InitPWM), (8 bytes).
    Removing inituart.o(.text), (0 bytes).
    Removing inituart.o(.ARM.exidx.text.InitUART), (8 bytes).
    Removing inituart.o(.ARM.exidx.text.__NVIC_EnableIRQ), (8 bytes).
    Removing inituart.o(.ARM.exidx.text.__NVIC_ClearPendingIRQ), (8 bytes).
    Removing steering.o(.text), (0 bytes).
    Removing steering.o(.ARM.exidx.text.steering), (8 bytes).
    Removing light.o(.text), (0 bytes).
    Removing light.o(.ARM.exidx.text.light), (8 bytes).
    Removing light.o(.ARM.exidx.text.blinker), (8 bytes).
    Removing initlight.o(.text), (0 bytes).
    Removing initlight.o(.ARM.exidx.text.InitLight), (8 bytes).
    Removing initpid.o(.text), (0 bytes).
    Removing initpid.o(.ARM.exidx.text.InitPID), (8 bytes).
    Removing i2c.o(.text), (0 bytes).
    Removing i2c.o(.ARM.exidx.text.I2C_Init), (8 bytes).
    Removing i2c.o(.ARM.exidx.text.I2C_Ping), (8 bytes).
    Removing i2c.o(.ARM.exidx.text.i2c_enable), (8 bytes).
    Removing i2c.o(.ARM.exidx.text.i2c_tran), (8 bytes).
    Removing i2c.o(.ARM.exidx.text.i2c_m_start), (8 bytes).
    Removing i2c.o(.ARM.exidx.text.i2c_send), (8 bytes).
    Removing i2c.o(.ARM.exidx.text.i2c_wait), (8 bytes).
    Removing i2c.o(.ARM.exidx.text.i2c_m_stop), (8 bytes).
    Removing i2c.o(.ARM.exidx.text.i2c_disable), (8 bytes).
    Removing i2c.o(.text.I2C_Write), (64 bytes).
    Removing i2c.o(.ARM.exidx.text.I2C_Write), (8 bytes).
    Removing i2c.o(.text.I2C_Read), (84 bytes).
    Removing i2c.o(.ARM.exidx.text.I2C_Read), (8 bytes).
    Removing i2c.o(.ARM.exidx.text.i2c_rec), (8 bytes).
    Removing i2c.o(.ARM.exidx.text.i2c_nack), (8 bytes).
    Removing i2c.o(.ARM.exidx.text.i2c_recv), (8 bytes).
    Removing i2c.o(.ARM.exidx.text.i2c_wait_rec), (8 bytes).
    Removing i2c.o(.ARM.exidx.text.I2C_WriteReg), (8 bytes).
    Removing i2c.o(.text.I2C_ReadReg), (120 bytes).
    Removing i2c.o(.ARM.exidx.text.I2C_ReadReg), (8 bytes).
    Removing i2c.o(.ARM.exidx.text.i2c_clr_IICIF), (8 bytes).
    Removing i2c.o(.ARM.exidx.text.i2c_m_rstart), (8 bytes).
    Removing i2c.o(.ARM.exidx.text.I2C_ReadRegBlock), (8 bytes).
    Removing i2c.o(.ARM.exidx.text.i2c_ack), (8 bytes).
    Removing pidreg.o(.text), (0 bytes).
    Removing pidreg.o(.ARM.exidx.text.PIDreg), (8 bytes).
    Removing system_mkl05z4.o(.text), (0 bytes).
    Removing system_mkl05z4.o(.ARM.exidx.text.SystemInit), (8 bytes).
    Removing system_mkl05z4.o(.text.SystemCoreClockUpdate), (184 bytes).
    Removing system_mkl05z4.o(.ARM.exidx.text.SystemCoreClockUpdate), (8 bytes).

55 unused section(s) (total 768 bytes) removed from the image.

==============================================================================

Image Symbol Table

    Local Symbols

    Symbol Name                              Value     Ov Type        Size  Object(Section)

    ../clib/angel/boardlib.s                 0x00000000   Number         0  boardinit1.o ABSOLUTE
    ../clib/angel/boardlib.s                 0x00000000   Number         0  boardinit2.o ABSOLUTE
    ../clib/angel/boardlib.s                 0x00000000   Number         0  boardinit3.o ABSOLUTE
    ../clib/angel/boardlib.s                 0x00000000   Number         0  boardshut.o ABSOLUTE
    ../clib/angel/handlers.s                 0x00000000   Number         0  __scatter_copy.o ABSOLUTE
    ../clib/angel/handlers.s                 0x00000000   Number         0  __scatter_zi.o ABSOLUTE
    ../clib/angel/kernel.s                   0x00000000   Number         0  __rtentry.o ABSOLUTE
    ../clib/angel/kernel.s                   0x00000000   Number         0  __rtentry2.o ABSOLUTE
    ../clib/angel/kernel.s                   0x00000000   Number         0  __rtentry4.o ABSOLUTE
    ../clib/angel/kernel.s                   0x00000000   Number         0  rtexit.o ABSOLUTE
    ../clib/angel/kernel.s                   0x00000000   Number         0  rtexit2.o ABSOLUTE
    ../clib/angel/rt.s                       0x00000000   Number         0  aeabi_idiv0.o ABSOLUTE
    ../clib/angel/rt.s                       0x00000000   Number         0  aeabi_idiv0_sigfpe.o ABSOLUTE
    ../clib/angel/rt.s                       0x00000000   Number         0  rt_div0.o ABSOLUTE
    ../clib/angel/rt.s                       0x00000000   Number         0  rt_raise.o ABSOLUTE
    ../clib/angel/scatterp.s                 0x00000000   Number         0  __scatter.o ABSOLUTE
    ../clib/angel/startup.s                  0x00000000   Number         0  __main.o ABSOLUTE
    ../clib/angel/sys.s                      0x00000000   Number         0  sys_stackheap_outer.o ABSOLUTE
    ../clib/angel/sys.s                      0x00000000   Number         0  libspace.o ABSOLUTE
    ../clib/angel/sys.s                      0x00000000   Number         0  tempstk.o ABSOLUTE
    ../clib/angel/sys.s                      0x00000000   Number         0  use_no_semi.o ABSOLUTE
    ../clib/angel/sys.s                      0x00000000   Number         0  indicate_semi.o ABSOLUTE
    ../clib/angel/sysapp.c                   0x00000000   Number         0  sys_exit.o ABSOLUTE
    ../clib/angel/sysapp.c                   0x00000000   Number         0  sys_exit_hlt.o ABSOLUTE
    ../clib/angel/sysapp.c                   0x00000000   Number         0  sys_wrch.o ABSOLUTE
    ../clib/angel/sysapp.c                   0x00000000   Number         0  sys_wrch_hlt.o ABSOLUTE
    ../clib/angel/sysapp.c                   0x00000000   Number         0  sys_command.o ABSOLUTE
    ../clib/angel/sysapp.c                   0x00000000   Number         0  sys_command_hlt.o ABSOLUTE
    ../clib/armsys.c                         0x00000000   Number         0  argv_veneer.o ABSOLUTE
    ../clib/armsys.c                         0x00000000   Number         0  _get_argv_nomalloc.o ABSOLUTE
    ../clib/armsys.c                         0x00000000   Number         0  no_argv.o ABSOLUTE
    ../clib/division.s                       0x00000000   Number         0  aeabi_sdivfast.o ABSOLUTE
    ../clib/division.s                       0x00000000   Number         0  aeabi_sdivfast_div0.o ABSOLUTE
    ../clib/heapalloc.c                      0x00000000   Number         0  hrguard.o ABSOLUTE
    ../clib/heapaux.c                        0x00000000   Number         0  heapauxi.o ABSOLUTE
    ../clib/libinit.s                        0x00000000   Number         0  libinit.o ABSOLUTE
    ../clib/libinit.s                        0x00000000   Number         0  libinit2.o ABSOLUTE
    ../clib/libinit.s                        0x00000000   Number         0  libshutdown.o ABSOLUTE
    ../clib/libinit.s                        0x00000000   Number         0  libshutdown2.o ABSOLUTE
    ../clib/signal.c                         0x00000000   Number         0  defsig_fpe_outer.o ABSOLUTE
    ../clib/signal.c                         0x00000000   Number         0  defsig_fpe_formal.o ABSOLUTE
    ../clib/signal.c                         0x00000000   Number         0  defsig_exit.o ABSOLUTE
    ../clib/signal.c                         0x00000000   Number         0  defsig_fpe_inner.o ABSOLUTE
    ../clib/signal.c                         0x00000000   Number         0  __raise.o ABSOLUTE
    ../clib/signal.c                         0x00000000   Number         0  defsig_general.o ABSOLUTE
    ../clib/signal.c                         0x00000000   Number         0  defsig_abrt_inner.o ABSOLUTE
    ../clib/signal.c                         0x00000000   Number         0  defsig_rtred_inner.o ABSOLUTE
    ../clib/signal.c                         0x00000000   Number         0  defsig_rtmem_inner.o ABSOLUTE
    ../clib/signal.c                         0x00000000   Number         0  defsig_rtmem_outer.o ABSOLUTE
    ../clib/signal.c                         0x00000000   Number         0  defsig_rtmem_formal.o ABSOLUTE
    ../clib/signal.c                         0x00000000   Number         0  defsig_stak_inner.o ABSOLUTE
    ../clib/signal.c                         0x00000000   Number         0  defsig_pvfn_inner.o ABSOLUTE
    ../clib/signal.c                         0x00000000   Number         0  defsig_cppl_inner.o ABSOLUTE
    ../clib/signal.c                         0x00000000   Number         0  defsig_segv_inner.o ABSOLUTE
    ../clib/signal.c                         0x00000000   Number         0  defsig_other.o ABSOLUTE
    ../clib/signal.s                         0x00000000   Number         0  defsig.o ABSOLUTE
    ../clib/stdlib.c                         0x00000000   Number         0  exit.o ABSOLUTE
    ../fplib/cfplib/fpinit.c                 0x00000000   Number         0  fpinit.o ABSOLUTE
    InitDrive.c                              0x00000000   Number         0  initdrive.o ABSOLUTE
    InitLight.c                              0x00000000   Number         0  initlight.o ABSOLUTE
    InitPID.c                                0x00000000   Number         0  initpid.o ABSOLUTE
    InitPWM.c                                0x00000000   Number         0  initpwm.o ABSOLUTE
    InitUART.c                               0x00000000   Number         0  inituart.o ABSOLUTE
    PIDreg.c                                 0x00000000   Number         0  pidreg.o ABSOLUTE
    RTE/Device/MKL05Z32xxx4/startup_MKL05Z4.s 0x00000000   Number         0  startup_mkl05z4.o ABSOLUTE
    dc.s                                     0x00000000   Number         0  dc.o ABSOLUTE
    i2c.c                                    0x00000000   Number         0  i2c.o ABSOLUTE
    light.c                                  0x00000000   Number         0  light.o ABSOLUTE
    main.c                                   0x00000000   Number         0  main.o ABSOLUTE
    steering.c                               0x00000000   Number         0  steering.o ABSOLUTE
    system_MKL05Z4.c                         0x00000000   Number         0  system_mkl05z4.o ABSOLUTE
    RESET                                    0x00000000   Section      192  startup_mkl05z4.o(RESET)
    !!!main                                  0x000000c0   Section        8  __main.o(!!!main)
    !!!scatter                               0x000000c8   Section       60  __scatter.o(!!!scatter)
    !!handler_copy                           0x00000104   Section       26  __scatter_copy.o(!!handler_copy)
    !!handler_zi                             0x00000120   Section       28  __scatter_zi.o(!!handler_zi)
    .ARM.Collect$$libinit$$00000000          0x0000013c   Section        2  libinit.o(.ARM.Collect$$libinit$$00000000)
    .ARM.Collect$$libinit$$00000002          0x0000013e   Section        0  libinit2.o(.ARM.Collect$$libinit$$00000002)
    .ARM.Collect$$libinit$$00000004          0x0000013e   Section        0  libinit2.o(.ARM.Collect$$libinit$$00000004)
    .ARM.Collect$$libinit$$0000000A          0x0000013e   Section        0  libinit2.o(.ARM.Collect$$libinit$$0000000A)
    .ARM.Collect$$libinit$$0000000C          0x0000013e   Section        0  libinit2.o(.ARM.Collect$$libinit$$0000000C)
    .ARM.Collect$$libinit$$0000000E          0x0000013e   Section        0  libinit2.o(.ARM.Collect$$libinit$$0000000E)
    .ARM.Collect$$libinit$$00000011          0x0000013e   Section        0  libinit2.o(.ARM.Collect$$libinit$$00000011)
    .ARM.Collect$$libinit$$00000013          0x0000013e   Section        0  libinit2.o(.ARM.Collect$$libinit$$00000013)
    .ARM.Collect$$libinit$$00000015          0x0000013e   Section        0  libinit2.o(.ARM.Collect$$libinit$$00000015)
    .ARM.Collect$$libinit$$00000017          0x0000013e   Section        0  libinit2.o(.ARM.Collect$$libinit$$00000017)
    .ARM.Collect$$libinit$$00000019          0x0000013e   Section        0  libinit2.o(.ARM.Collect$$libinit$$00000019)
    .ARM.Collect$$libinit$$0000001B          0x0000013e   Section        0  libinit2.o(.ARM.Collect$$libinit$$0000001B)
    .ARM.Collect$$libinit$$0000001D          0x0000013e   Section        0  libinit2.o(.ARM.Collect$$libinit$$0000001D)
    .ARM.Collect$$libinit$$0000001F          0x0000013e   Section        0  libinit2.o(.ARM.Collect$$libinit$$0000001F)
    .ARM.Collect$$libinit$$00000021          0x0000013e   Section        0  libinit2.o(.ARM.Collect$$libinit$$00000021)
    .ARM.Collect$$libinit$$00000023          0x0000013e   Section        0  libinit2.o(.ARM.Collect$$libinit$$00000023)
    .ARM.Collect$$libinit$$00000025          0x0000013e   Section        0  libinit2.o(.ARM.Collect$$libinit$$00000025)
    .ARM.Collect$$libinit$$0000002C          0x0000013e   Section        0  libinit2.o(.ARM.Collect$$libinit$$0000002C)
    .ARM.Collect$$libinit$$0000002E          0x0000013e   Section        0  libinit2.o(.ARM.Collect$$libinit$$0000002E)
    .ARM.Collect$$libinit$$00000030          0x0000013e   Section        0  libinit2.o(.ARM.Collect$$libinit$$00000030)
    .ARM.Collect$$libinit$$00000032          0x0000013e   Section        0  libinit2.o(.ARM.Collect$$libinit$$00000032)
    .ARM.Collect$$libinit$$00000033          0x0000013e   Section        2  libinit2.o(.ARM.Collect$$libinit$$00000033)
    .ARM.Collect$$libshutdown$$00000000      0x00000140   Section        2  libshutdown.o(.ARM.Collect$$libshutdown$$00000000)
    .ARM.Collect$$libshutdown$$00000002      0x00000142   Section        0  libshutdown2.o(.ARM.Collect$$libshutdown$$00000002)
    .ARM.Collect$$libshutdown$$00000004      0x00000142   Section        0  libshutdown2.o(.ARM.Collect$$libshutdown$$00000004)
    .ARM.Collect$$libshutdown$$00000007      0x00000142   Section        0  libshutdown2.o(.ARM.Collect$$libshutdown$$00000007)
    .ARM.Collect$$libshutdown$$0000000A      0x00000142   Section        0  libshutdown2.o(.ARM.Collect$$libshutdown$$0000000A)
    .ARM.Collect$$libshutdown$$0000000C      0x00000142   Section        0  libshutdown2.o(.ARM.Collect$$libshutdown$$0000000C)
    .ARM.Collect$$libshutdown$$0000000F      0x00000142   Section        0  libshutdown2.o(.ARM.Collect$$libshutdown$$0000000F)
    .ARM.Collect$$libshutdown$$00000010      0x00000142   Section        2  libshutdown2.o(.ARM.Collect$$libshutdown$$00000010)
    .ARM.Collect$$rtentry$$00000000          0x00000144   Section        0  __rtentry.o(.ARM.Collect$$rtentry$$00000000)
    .ARM.Collect$$rtentry$$00000002          0x00000144   Section        0  __rtentry2.o(.ARM.Collect$$rtentry$$00000002)
    .ARM.Collect$$rtentry$$00000004          0x00000144   Section        6  __rtentry4.o(.ARM.Collect$$rtentry$$00000004)
    .ARM.Collect$$rtentry$$00000009          0x0000014a   Section        0  __rtentry2.o(.ARM.Collect$$rtentry$$00000009)
    .ARM.Collect$$rtentry$$0000000A          0x0000014a   Section        4  __rtentry2.o(.ARM.Collect$$rtentry$$0000000A)
    .ARM.Collect$$rtentry$$0000000C          0x0000014e   Section        0  __rtentry2.o(.ARM.Collect$$rtentry$$0000000C)
    .ARM.Collect$$rtentry$$0000000D          0x0000014e   Section        8  __rtentry2.o(.ARM.Collect$$rtentry$$0000000D)
    .ARM.Collect$$rtexit$$00000000           0x00000156   Section        2  rtexit.o(.ARM.Collect$$rtexit$$00000000)
    .ARM.Collect$$rtexit$$00000002           0x00000158   Section        0  rtexit2.o(.ARM.Collect$$rtexit$$00000002)
    .ARM.Collect$$rtexit$$00000003           0x00000158   Section        4  rtexit2.o(.ARM.Collect$$rtexit$$00000003)
    .ARM.Collect$$rtexit$$00000004           0x0000015c   Section        6  rtexit2.o(.ARM.Collect$$rtexit$$00000004)
    .text                                    0x00000164   Section       52  startup_mkl05z4.o(.text)
    .text                                    0x00000198   Section        0  heapauxi.o(.text)
    .text                                    0x0000019e   Section       62  sys_stackheap_outer.o(.text)
    .text                                    0x000001dc   Section        0  exit.o(.text)
    .text                                    0x000001ec   Section        8  libspace.o(.text)
    .text                                    0x000001f4   Section        0  sys_exit.o(.text)
    .text                                    0x00000200   Section        2  use_no_semi.o(.text)
    .text                                    0x00000202   Section        0  indicate_semi.o(.text)
    [Anonymous Symbol]                       0x00000204   Section        0  i2c.o(.text.I2C_Init)
    __arm_cp.0_0                             0x00000244   Number         4  i2c.o(.text.I2C_Init)
    __arm_cp.0_1                             0x00000248   Number         4  i2c.o(.text.I2C_Init)
    __arm_cp.0_2                             0x0000024c   Number         4  i2c.o(.text.I2C_Init)
    [Anonymous Symbol]                       0x00000250   Section        0  i2c.o(.text.I2C_Ping)
    [Anonymous Symbol]                       0x00000280   Section        0  i2c.o(.text.I2C_ReadRegBlock)
    __arm_cp.19_1                            0x00000328   Number         4  i2c.o(.text.I2C_ReadRegBlock)
    [Anonymous Symbol]                       0x0000032c   Section        0  i2c.o(.text.I2C_WriteReg)
    __arm_cp.15_0                            0x00000378   Number         4  i2c.o(.text.I2C_WriteReg)
    [Anonymous Symbol]                       0x0000037c   Section        0  initdrive.o(.text.InitDrive)
    __arm_cp.0_1                             0x000003b8   Number         4  initdrive.o(.text.InitDrive)
    __arm_cp.0_2                             0x000003bc   Number         4  initdrive.o(.text.InitDrive)
    SysTick_Config                           0x000003c1   Thumb Code    28  main.o(.text.SysTick_Config)
    [Anonymous Symbol]                       0x000003c0   Section        0  main.o(.text.SysTick_Config)
    __arm_cp.1_0                             0x000003dc   Number         4  main.o(.text.SysTick_Config)
    __NVIC_ClearPendingIRQ                   0x000003e1   Thumb Code    12  inituart.o(.text.__NVIC_ClearPendingIRQ)
    [Anonymous Symbol]                       0x000003e0   Section        0  inituart.o(.text.__NVIC_ClearPendingIRQ)
    __arm_cp.2_0                             0x000003ec   Number         4  inituart.o(.text.__NVIC_ClearPendingIRQ)
    __NVIC_EnableIRQ                         0x000003f1   Thumb Code    12  inituart.o(.text.__NVIC_EnableIRQ)
    [Anonymous Symbol]                       0x000003f0   Section        0  inituart.o(.text.__NVIC_EnableIRQ)
    __arm_cp.1_0                             0x000003fc   Number         4  inituart.o(.text.__NVIC_EnableIRQ)
    .ARM.__at_0x400                          0x00000400   Section       16  startup_mkl05z4.o(.ARM.__at_0x400)
    [Anonymous Symbol]                       0x00000410   Section        0  initlight.o(.text.InitLight)
    __arm_cp.0_1                             0x00000448   Number         4  initlight.o(.text.InitLight)
    [Anonymous Symbol]                       0x0000044c   Section        0  initpid.o(.text.InitPID)
    __arm_cp.0_1                             0x000004f0   Number         4  initpid.o(.text.InitPID)
    [Anonymous Symbol]                       0x000004f4   Section        0  initpwm.o(.text.InitPWM)
    __arm_cp.0_0                             0x0000054c   Number         4  initpwm.o(.text.InitPWM)
    __arm_cp.0_1                             0x00000550   Number         4  initpwm.o(.text.InitPWM)
    __arm_cp.0_2                             0x00000554   Number         4  initpwm.o(.text.InitPWM)
    __arm_cp.0_3                             0x00000558   Number         4  initpwm.o(.text.InitPWM)
    __arm_cp.0_4                             0x0000055c   Number         4  initpwm.o(.text.InitPWM)
    [Anonymous Symbol]                       0x00000560   Section        0  inituart.o(.text.InitUART)
    __arm_cp.0_0                             0x000005c8   Number         4  inituart.o(.text.InitUART)
    __arm_cp.0_1                             0x000005cc   Number         4  inituart.o(.text.InitUART)
    __arm_cp.0_2                             0x000005d0   Number         4  inituart.o(.text.InitUART)
    [Anonymous Symbol]                       0x000005d4   Section        0  pidreg.o(.text.PIDreg)
    __arm_cp.0_0                             0x00000674   Number         4  pidreg.o(.text.PIDreg)
    __arm_cp.0_1                             0x00000678   Number         4  pidreg.o(.text.PIDreg)
    __arm_cp.0_2                             0x0000067c   Number         4  pidreg.o(.text.PIDreg)
    __arm_cp.0_3                             0x00000680   Number         4  pidreg.o(.text.PIDreg)
    __arm_cp.0_4                             0x00000684   Number         4  pidreg.o(.text.PIDreg)
    __arm_cp.0_5                             0x00000688   Number         4  pidreg.o(.text.PIDreg)
    __arm_cp.0_6                             0x0000068c   Number         4  pidreg.o(.text.PIDreg)
    __arm_cp.0_7                             0x00000690   Number         4  pidreg.o(.text.PIDreg)
    __arm_cp.0_8                             0x00000694   Number         4  pidreg.o(.text.PIDreg)
    [Anonymous Symbol]                       0x00000698   Section        0  main.o(.text.SysTick_Handler)
    __arm_cp.3_0                             0x000006b4   Number         4  main.o(.text.SysTick_Handler)
    [Anonymous Symbol]                       0x000006b8   Section        0  system_mkl05z4.o(.text.SystemInit)
    __arm_cp.0_0                             0x000006f4   Number         4  system_mkl05z4.o(.text.SystemInit)
    __arm_cp.0_1                             0x000006f8   Number         4  system_mkl05z4.o(.text.SystemInit)
    __arm_cp.0_2                             0x000006fc   Number         4  system_mkl05z4.o(.text.SystemInit)
    __arm_cp.0_3                             0x00000700   Number         4  system_mkl05z4.o(.text.SystemInit)
    [Anonymous Symbol]                       0x00000704   Section        0  main.o(.text.UART0_IRQHandler)
    __arm_cp.2_0                             0x0000075c   Number         4  main.o(.text.UART0_IRQHandler)
    __arm_cp.2_1                             0x00000760   Number         4  main.o(.text.UART0_IRQHandler)
    __NVIC_SetPriority                       0x00000765   Thumb Code    20  main.o(.text.__NVIC_SetPriority)
    [Anonymous Symbol]                       0x00000764   Section        0  main.o(.text.__NVIC_SetPriority)
    __arm_cp.4_0                             0x00000778   Number         4  main.o(.text.__NVIC_SetPriority)
    [Anonymous Symbol]                       0x0000077c   Section        0  light.o(.text.blinker)
    __arm_cp.1_3                             0x000007b4   Number         4  light.o(.text.blinker)
    [Anonymous Symbol]                       0x000007b8   Section        0  i2c.o(.text.i2c_ack)
    [Anonymous Symbol]                       0x000007c4   Section        0  i2c.o(.text.i2c_clr_IICIF)
    [Anonymous Symbol]                       0x000007d0   Section        0  i2c.o(.text.i2c_disable)
    [Anonymous Symbol]                       0x000007dc   Section        0  i2c.o(.text.i2c_enable)
    [Anonymous Symbol]                       0x000007e8   Section        0  i2c.o(.text.i2c_m_rstart)
    __arm_cp.18_0                            0x000007fc   Number         4  i2c.o(.text.i2c_m_rstart)
    [Anonymous Symbol]                       0x00000800   Section        0  i2c.o(.text.i2c_m_start)
    [Anonymous Symbol]                       0x0000080c   Section        0  i2c.o(.text.i2c_m_stop)
    [Anonymous Symbol]                       0x00000818   Section        0  i2c.o(.text.i2c_nack)
    [Anonymous Symbol]                       0x00000824   Section        0  i2c.o(.text.i2c_rec)
    [Anonymous Symbol]                       0x00000830   Section        0  i2c.o(.text.i2c_recv)
    [Anonymous Symbol]                       0x00000838   Section        0  i2c.o(.text.i2c_send)
    __arm_cp.5_0                             0x00000840   Number         4  i2c.o(.text.i2c_send)
    [Anonymous Symbol]                       0x00000844   Section        0  i2c.o(.text.i2c_tran)
    __arm_cp.3_0                             0x00000850   Number         4  i2c.o(.text.i2c_tran)
    [Anonymous Symbol]                       0x00000854   Section        0  i2c.o(.text.i2c_wait)
    [Anonymous Symbol]                       0x000008a4   Section        0  i2c.o(.text.i2c_wait_rec)
    __arm_cp.14_0                            0x000008e4   Number         4  i2c.o(.text.i2c_wait_rec)
    __arm_cp.14_1                            0x000008e8   Number         4  i2c.o(.text.i2c_wait_rec)
    __arm_cp.14_2                            0x000008ec   Number         4  i2c.o(.text.i2c_wait_rec)
    [Anonymous Symbol]                       0x000008f0   Section        0  light.o(.text.light)
    __arm_cp.0_1                             0x000009cc   Number         4  light.o(.text.light)
    __arm_cp.0_2                             0x000009d0   Number         4  light.o(.text.light)
    __arm_cp.0_3                             0x000009d4   Number         4  light.o(.text.light)
    __arm_cp.0_4                             0x000009d8   Number         4  light.o(.text.light)
    [Anonymous Symbol]                       0x000009dc   Section        0  main.o(.text.main)
    __arm_cp.0_0                             0x00000aac   Number         4  main.o(.text.main)
    __arm_cp.0_1                             0x00000ab0   Number         4  main.o(.text.main)
    __arm_cp.0_2                             0x00000ab4   Number         4  main.o(.text.main)
    __arm_cp.0_3                             0x00000ab8   Number         4  main.o(.text.main)
    __arm_cp.0_4                             0x00000abc   Number         4  main.o(.text.main)
    [Anonymous Symbol]                       0x00000ac0   Section        0  steering.o(.text.steering)
    __arm_cp.0_0                             0x00000b30   Number         4  steering.o(.text.steering)
    __arm_cp.0_1                             0x00000b34   Number         4  steering.o(.text.steering)
    __arm_cp.0_2                             0x00000b38   Number         4  steering.o(.text.steering)
    __arm_cp.0_3                             0x00000b3c   Number         4  steering.o(.text.steering)
    __arm_cp.0_4                             0x00000b40   Number         4  steering.o(.text.steering)
    __arm_cp.0_5                             0x00000b44   Number         4  steering.o(.text.steering)
    __arm_cp.0_6                             0x00000b48   Number         4  steering.o(.text.steering)
    .text_divfast                            0x00000b4c   Section      502  aeabi_sdivfast.o(.text_divfast)
    .bss                                     0x1ffffc08   Section       96  libspace.o(.bss)
    error                                    0x1ffffc71   Data           1  i2c.o(.bss.error)
    [Anonymous Symbol]                       0x1ffffc71   Section        0  i2c.o(.bss.error)
    Heap_Mem                                 0x1ffffcb8   Data           0  startup_mkl05z4.o(HEAP)
    Stack_Mem                                0x1ffffcb8   Data         256  startup_mkl05z4.o(STACK)
    HEAP                                     0x1ffffcb8   Section        0  startup_mkl05z4.o(HEAP)
    STACK                                    0x1ffffcb8   Section      256  startup_mkl05z4.o(STACK)
    __initial_sp                             0x1ffffdb8   Data           0  startup_mkl05z4.o(STACK)

    Global Symbols

    Symbol Name                              Value     Ov Type        Size  Object(Section)

    BuildAttributes$$THM_ISAv3M$S$PE$A:L22$X:L11$S22$IEEE1$IW$~IW$USESV6$~STKCKD$USESV7$~SHL$OTIME$ROPI$EBA8$UX$STANDARDLIB$REQ8$PRES8$EABIv2 0x00000000   Number         0  anon$$obj.o ABSOLUTE
    __Vectors                                0x00000000   Data           4  startup_mkl05z4.o(RESET)
    __ARM_exceptions_init                     - Undefined Weak Reference
    __alloca_initialize                       - Undefined Weak Reference
    __arm_preinit_                            - Undefined Weak Reference
    __cpp_initialize__aeabi_                  - Undefined Weak Reference
    __cxa_finalize                            - Undefined Weak Reference
    __rt_locale                               - Undefined Weak Reference
    __sigvec_lookup                           - Undefined Weak Reference
    _atexit_init                              - Undefined Weak Reference
    _call_atexit_fns                          - Undefined Weak Reference
    _clock_init                               - Undefined Weak Reference
    _fp_trap_init                             - Undefined Weak Reference
    _fp_trap_shutdown                         - Undefined Weak Reference
    _get_lc_collate                           - Undefined Weak Reference
    _get_lc_ctype                             - Undefined Weak Reference
    _get_lc_monetary                          - Undefined Weak Reference
    _get_lc_numeric                           - Undefined Weak Reference
    _get_lc_time                              - Undefined Weak Reference
    _getenv_init                              - Undefined Weak Reference
    _handle_redirection                       - Undefined Weak Reference
    _init_alloc                               - Undefined Weak Reference
    _init_user_alloc                          - Undefined Weak Reference
    _initio                                   - Undefined Weak Reference
    _rand_init                                - Undefined Weak Reference
    _signal_finish                            - Undefined Weak Reference
    _signal_init                              - Undefined Weak Reference
    _terminate_alloc                          - Undefined Weak Reference
    _terminate_user_alloc                     - Undefined Weak Reference
    _terminateio                              - Undefined Weak Reference
    __Vectors_End                            0x000000c0   Data           0  startup_mkl05z4.o(RESET)
    __Vectors_Size                           0x000000c0   Number         0  startup_mkl05z4.o ABSOLUTE
    __main                                   0x000000c1   Thumb Code     8  __main.o(!!!main)
    __scatterload                            0x000000c9   Thumb Code     0  __scatter.o(!!!scatter)
    __scatterload_rt2                        0x000000c9   Thumb Code    52  __scatter.o(!!!scatter)
    __scatterload_rt2_thumb_only             0x000000c9   Thumb Code     0  __scatter.o(!!!scatter)
    __scatterload_null                       0x000000d9   Thumb Code     0  __scatter.o(!!!scatter)
    __scatterload_copy                       0x00000105   Thumb Code    26  __scatter_copy.o(!!handler_copy)
    __scatterload_zeroinit                   0x00000121   Thumb Code    28  __scatter_zi.o(!!handler_zi)
    __rt_lib_init                            0x0000013d   Thumb Code     0  libinit.o(.ARM.Collect$$libinit$$00000000)
    __rt_lib_init_alloca_1                   0x0000013f   Thumb Code     0  libinit2.o(.ARM.Collect$$libinit$$0000002E)
    __rt_lib_init_argv_1                     0x0000013f   Thumb Code     0  libinit2.o(.ARM.Collect$$libinit$$0000002C)
    __rt_lib_init_atexit_1                   0x0000013f   Thumb Code     0  libinit2.o(.ARM.Collect$$libinit$$0000001B)
    __rt_lib_init_clock_1                    0x0000013f   Thumb Code     0  libinit2.o(.ARM.Collect$$libinit$$00000021)
    __rt_lib_init_cpp_1                      0x0000013f   Thumb Code     0  libinit2.o(.ARM.Collect$$libinit$$00000032)
    __rt_lib_init_exceptions_1               0x0000013f   Thumb Code     0  libinit2.o(.ARM.Collect$$libinit$$00000030)
    __rt_lib_init_fp_1                       0x0000013f   Thumb Code     0  libinit2.o(.ARM.Collect$$libinit$$00000002)
    __rt_lib_init_fp_trap_1                  0x0000013f   Thumb Code     0  libinit2.o(.ARM.Collect$$libinit$$0000001F)
    __rt_lib_init_getenv_1                   0x0000013f   Thumb Code     0  libinit2.o(.ARM.Collect$$libinit$$00000023)
    __rt_lib_init_heap_1                     0x0000013f   Thumb Code     0  libinit2.o(.ARM.Collect$$libinit$$0000000A)
    __rt_lib_init_lc_collate_1               0x0000013f   Thumb Code     0  libinit2.o(.ARM.Collect$$libinit$$00000011)
    __rt_lib_init_lc_ctype_1                 0x0000013f   Thumb Code     0  libinit2.o(.ARM.Collect$$libinit$$00000013)
    __rt_lib_init_lc_monetary_1              0x0000013f   Thumb Code     0  libinit2.o(.ARM.Collect$$libinit$$00000015)
    __rt_lib_init_lc_numeric_1               0x0000013f   Thumb Code     0  libinit2.o(.ARM.Collect$$libinit$$00000017)
    __rt_lib_init_lc_time_1                  0x0000013f   Thumb Code     0  libinit2.o(.ARM.Collect$$libinit$$00000019)
    __rt_lib_init_preinit_1                  0x0000013f   Thumb Code     0  libinit2.o(.ARM.Collect$$libinit$$00000004)
    __rt_lib_init_rand_1                     0x0000013f   Thumb Code     0  libinit2.o(.ARM.Collect$$libinit$$0000000E)
    __rt_lib_init_return                     0x0000013f   Thumb Code     0  libinit2.o(.ARM.Collect$$libinit$$00000033)
    __rt_lib_init_signal_1                   0x0000013f   Thumb Code     0  libinit2.o(.ARM.Collect$$libinit$$0000001D)
    __rt_lib_init_stdio_1                    0x0000013f   Thumb Code     0  libinit2.o(.ARM.Collect$$libinit$$00000025)
    __rt_lib_init_user_alloc_1               0x0000013f   Thumb Code     0  libinit2.o(.ARM.Collect$$libinit$$0000000C)
    __rt_lib_shutdown                        0x00000141   Thumb Code     0  libshutdown.o(.ARM.Collect$$libshutdown$$00000000)
    __rt_lib_shutdown_cpp_1                  0x00000143   Thumb Code     0  libshutdown2.o(.ARM.Collect$$libshutdown$$00000002)
    __rt_lib_shutdown_fp_trap_1              0x00000143   Thumb Code     0  libshutdown2.o(.ARM.Collect$$libshutdown$$00000007)
    __rt_lib_shutdown_heap_1                 0x00000143   Thumb Code     0  libshutdown2.o(.ARM.Collect$$libshutdown$$0000000F)
    __rt_lib_shutdown_return                 0x00000143   Thumb Code     0  libshutdown2.o(.ARM.Collect$$libshutdown$$00000010)
    __rt_lib_shutdown_signal_1               0x00000143   Thumb Code     0  libshutdown2.o(.ARM.Collect$$libshutdown$$0000000A)
    __rt_lib_shutdown_stdio_1                0x00000143   Thumb Code     0  libshutdown2.o(.ARM.Collect$$libshutdown$$00000004)
    __rt_lib_shutdown_user_alloc_1           0x00000143   Thumb Code     0  libshutdown2.o(.ARM.Collect$$libshutdown$$0000000C)
    __rt_entry                               0x00000145   Thumb Code     0  __rtentry.o(.ARM.Collect$$rtentry$$00000000)
    __rt_entry_presh_1                       0x00000145   Thumb Code     0  __rtentry2.o(.ARM.Collect$$rtentry$$00000002)
    __rt_entry_sh                            0x00000145   Thumb Code     0  __rtentry4.o(.ARM.Collect$$rtentry$$00000004)
    __rt_entry_li                            0x0000014b   Thumb Code     0  __rtentry2.o(.ARM.Collect$$rtentry$$0000000A)
    __rt_entry_postsh_1                      0x0000014b   Thumb Code     0  __rtentry2.o(.ARM.Collect$$rtentry$$00000009)
    __rt_entry_main                          0x0000014f   Thumb Code     0  __rtentry2.o(.ARM.Collect$$rtentry$$0000000D)
    __rt_entry_postli_1                      0x0000014f   Thumb Code     0  __rtentry2.o(.ARM.Collect$$rtentry$$0000000C)
    __rt_exit                                0x00000157   Thumb Code     0  rtexit.o(.ARM.Collect$$rtexit$$00000000)
    __rt_exit_ls                             0x00000159   Thumb Code     0  rtexit2.o(.ARM.Collect$$rtexit$$00000003)
    __rt_exit_prels_1                        0x00000159   Thumb Code     0  rtexit2.o(.ARM.Collect$$rtexit$$00000002)
    __rt_exit_exit                           0x0000015d   Thumb Code     0  rtexit2.o(.ARM.Collect$$rtexit$$00000004)
    Reset_Handler                            0x00000165   Thumb Code     8  startup_mkl05z4.o(.text)
    NMI_Handler                              0x0000016d   Thumb Code     2  startup_mkl05z4.o(.text)
    HardFault_Handler                        0x0000016f   Thumb Code     2  startup_mkl05z4.o(.text)
    SVC_Handler                              0x00000171   Thumb Code     2  startup_mkl05z4.o(.text)
    PendSV_Handler                           0x00000173   Thumb Code     2  startup_mkl05z4.o(.text)
    ADC0_IRQHandler                          0x00000177   Thumb Code     0  startup_mkl05z4.o(.text)
    CMP0_IRQHandler                          0x00000177   Thumb Code     0  startup_mkl05z4.o(.text)
    DAC0_IRQHandler                          0x00000177   Thumb Code     0  startup_mkl05z4.o(.text)
    DMA0_IRQHandler                          0x00000177   Thumb Code     0  startup_mkl05z4.o(.text)
    DMA1_IRQHandler                          0x00000177   Thumb Code     0  startup_mkl05z4.o(.text)
    DMA2_IRQHandler                          0x00000177   Thumb Code     0  startup_mkl05z4.o(.text)
    DMA3_IRQHandler                          0x00000177   Thumb Code     0  startup_mkl05z4.o(.text)
    DefaultISR                               0x00000177   Thumb Code     0  startup_mkl05z4.o(.text)
    FTFA_IRQHandler                          0x00000177   Thumb Code     0  startup_mkl05z4.o(.text)
    I2C0_IRQHandler                          0x00000177   Thumb Code     0  startup_mkl05z4.o(.text)
    LLW_IRQHandler                           0x00000177   Thumb Code     0  startup_mkl05z4.o(.text)
    LPTimer_IRQHandler                       0x00000177   Thumb Code     0  startup_mkl05z4.o(.text)
    LVD_LVW_IRQHandler                       0x00000177   Thumb Code     0  startup_mkl05z4.o(.text)
    MCG_IRQHandler                           0x00000177   Thumb Code     0  startup_mkl05z4.o(.text)
    PIT_IRQHandler                           0x00000177   Thumb Code     0  startup_mkl05z4.o(.text)
    PORTA_IRQHandler                         0x00000177   Thumb Code     0  startup_mkl05z4.o(.text)
    PORTB_IRQHandler                         0x00000177   Thumb Code     0  startup_mkl05z4.o(.text)
    RTC_IRQHandler                           0x00000177   Thumb Code     0  startup_mkl05z4.o(.text)
    RTC_Seconds_IRQHandler                   0x00000177   Thumb Code     0  startup_mkl05z4.o(.text)
    Reserved20_IRQHandler                    0x00000177   Thumb Code     0  startup_mkl05z4.o(.text)
    Reserved25_IRQHandler                    0x00000177   Thumb Code     0  startup_mkl05z4.o(.text)
    Reserved27_IRQHandler                    0x00000177   Thumb Code     0  startup_mkl05z4.o(.text)
    Reserved29_IRQHandler                    0x00000177   Thumb Code     0  startup_mkl05z4.o(.text)
    Reserved30_IRQHandler                    0x00000177   Thumb Code     0  startup_mkl05z4.o(.text)
    Reserved35_IRQHandler                    0x00000177   Thumb Code     0  startup_mkl05z4.o(.text)
    Reserved39_IRQHandler                    0x00000177   Thumb Code     0  startup_mkl05z4.o(.text)
    Reserved40_IRQHandler                    0x00000177   Thumb Code     0  startup_mkl05z4.o(.text)
    Reserved45_IRQHandler                    0x00000177   Thumb Code     0  startup_mkl05z4.o(.text)
    SPI0_IRQHandler                          0x00000177   Thumb Code     0  startup_mkl05z4.o(.text)
    TPM0_IRQHandler                          0x00000177   Thumb Code     0  startup_mkl05z4.o(.text)
    TPM1_IRQHandler                          0x00000177   Thumb Code     0  startup_mkl05z4.o(.text)
    TSI0_IRQHandler                          0x00000177   Thumb Code     0  startup_mkl05z4.o(.text)
    __user_initial_stackheap                 0x00000179   Thumb Code     0  startup_mkl05z4.o(.text)
    __use_two_region_memory                  0x00000199   Thumb Code     2  heapauxi.o(.text)
    __rt_heap_escrow$2region                 0x0000019b   Thumb Code     2  heapauxi.o(.text)
    __rt_heap_expand$2region                 0x0000019d   Thumb Code     2  heapauxi.o(.text)
    __user_setup_stackheap                   0x0000019f   Thumb Code    62  sys_stackheap_outer.o(.text)
    exit                                     0x000001dd   Thumb Code    16  exit.o(.text)
    __user_libspace                          0x000001ed   Thumb Code     8  libspace.o(.text)
    __user_perproc_libspace                  0x000001ed   Thumb Code     0  libspace.o(.text)
    __user_perthread_libspace                0x000001ed   Thumb Code     0  libspace.o(.text)
    _sys_exit                                0x000001f5   Thumb Code     8  sys_exit.o(.text)
    __I$use$semihosting                      0x00000201   Thumb Code     0  use_no_semi.o(.text)
    __use_no_semihosting_swi                 0x00000201   Thumb Code     2  use_no_semi.o(.text)
    __semihosting_library_function           0x00000203   Thumb Code     0  indicate_semi.o(.text)
    I2C_Init                                 0x00000205   Thumb Code    64  i2c.o(.text.I2C_Init)
    I2C_Ping                                 0x00000251   Thumb Code    48  i2c.o(.text.I2C_Ping)
    I2C_ReadRegBlock                         0x00000281   Thumb Code   168  i2c.o(.text.I2C_ReadRegBlock)
    I2C_WriteReg                             0x0000032d   Thumb Code    76  i2c.o(.text.I2C_WriteReg)
    InitDrive                                0x0000037d   Thumb Code    60  initdrive.o(.text.InitDrive)
    InitLight                                0x00000411   Thumb Code    56  initlight.o(.text.InitLight)
    InitPID                                  0x0000044d   Thumb Code   164  initpid.o(.text.InitPID)
    InitPWM                                  0x000004f5   Thumb Code    88  initpwm.o(.text.InitPWM)
    InitUART                                 0x00000561   Thumb Code   104  inituart.o(.text.InitUART)
    PIDreg                                   0x000005d5   Thumb Code   160  pidreg.o(.text.PIDreg)
    SysTick_Handler                          0x00000699   Thumb Code    28  main.o(.text.SysTick_Handler)
    SystemInit                               0x000006b9   Thumb Code    60  system_mkl05z4.o(.text.SystemInit)
    UART0_IRQHandler                         0x00000705   Thumb Code    88  main.o(.text.UART0_IRQHandler)
    blinker                                  0x0000077d   Thumb Code    56  light.o(.text.blinker)
    i2c_ack                                  0x000007b9   Thumb Code    12  i2c.o(.text.i2c_ack)
    i2c_clr_IICIF                            0x000007c5   Thumb Code    12  i2c.o(.text.i2c_clr_IICIF)
    i2c_disable                              0x000007d1   Thumb Code    12  i2c.o(.text.i2c_disable)
    i2c_enable                               0x000007dd   Thumb Code    12  i2c.o(.text.i2c_enable)
    i2c_m_rstart                             0x000007e9   Thumb Code    20  i2c.o(.text.i2c_m_rstart)
    i2c_m_start                              0x00000801   Thumb Code    12  i2c.o(.text.i2c_m_start)
    i2c_m_stop                               0x0000080d   Thumb Code    12  i2c.o(.text.i2c_m_stop)
    i2c_nack                                 0x00000819   Thumb Code    12  i2c.o(.text.i2c_nack)
    i2c_rec                                  0x00000825   Thumb Code    12  i2c.o(.text.i2c_rec)
    i2c_recv                                 0x00000831   Thumb Code     8  i2c.o(.text.i2c_recv)
    i2c_send                                 0x00000839   Thumb Code     8  i2c.o(.text.i2c_send)
    i2c_tran                                 0x00000845   Thumb Code    12  i2c.o(.text.i2c_tran)
    i2c_wait                                 0x00000855   Thumb Code    80  i2c.o(.text.i2c_wait)
    i2c_wait_rec                             0x000008a5   Thumb Code    64  i2c.o(.text.i2c_wait_rec)
    light                                    0x000008f1   Thumb Code   220  light.o(.text.light)
    main                                     0x000009dd   Thumb Code   208  main.o(.text.main)
    steering                                 0x00000ac1   Thumb Code   112  steering.o(.text.steering)
    __aeabi_uidiv                            0x00000b4d   Thumb Code    68  aeabi_sdivfast.o(.text_divfast)
    __aeabi_idiv                             0x00000b91   Thumb Code   434  aeabi_sdivfast.o(.text_divfast)
    Region$$Table$$Base                      0x00000d44   Number         0  anon$$obj.o(Region$$Table)
    Region$$Table$$Limit                     0x00000d64   Number         0  anon$$obj.o(Region$$Table)
    SystemCoreClock                          0x1ffffc00   Data           4  system_mkl05z4.o(.data.SystemCoreClock)
    __libspace_start                         0x1ffffc08   Data          96  libspace.o(.bss)
    __temporary_stack_top$libspace           0x1ffffc68   Data           0  libspace.o(.bss)
    buff_index                               0x1ffffc68   Data           1  main.o(.bss.buff_index)
    dif                                      0x1ffffc6c   Data           4  main.o(.bss.dif)
    dummy                                    0x1ffffc70   Data           1  i2c.o(.bss.dummy)
    gyro_error                               0x1ffffc74   Data           4  main.o(.bss.gyro_error)
    in                                       0x1ffffc78   Data           4  main.o(.bss.in)
    lb_active                                0x1ffffc7c   Data           2  main.o(.bss.lb_active)
    message_ready                            0x1ffffc7e   Data           1  main.o(.bss.message_ready)
    pro                                      0x1ffffc80   Data           4  main.o(.bss.pro)
    rb_active                                0x1ffffc84   Data           2  main.o(.bss.rb_active)
    right                                    0x1ffffc86   Data           1  main.o(.bss.right)
    rx_buffer                                0x1ffffc87   Data          32  main.o(.bss.rx_buffer)
    sekunda                                  0x1ffffca7   Data           1  main.o(.bss.sekunda)
    sekunda_OK                               0x1ffffca8   Data           1  main.o(.bss.sekunda_OK)
    speed                                    0x1ffffcaa   Data           2  main.o(.bss.speed)
    steer                                    0x1ffffcac   Data           2  main.o(.bss.steer)
    steer_ext                                0x1ffffcae   Data           1  main.o(.bss.steer_ext)
    z                                        0x1ffffcb0   Data           2  main.o(.bss.z)



==============================================================================

Memory Map of the image

  Image Entry point : 0x00000165

  Load Region LR_1 (Base: 0x00000000, Size: 0x00000d68, Max: 0xffffffff, ABSOLUTE)

    Execution Region ER_RO (Exec base: 0x00000000, Load base: 0x00000000, Size: 0x00000d64, Max: 0xffffffff, ABSOLUTE)

    Exec Addr    Load Addr    Size         Type   Attr      Idx    E Section Name        Object

    0x00000000   0x00000000   0x000000c0   Data   RO          163    RESET               startup_mkl05z4.o
    0x000000c0   0x000000c0   0x00000008   Code   RO          198  * !!!main             c_p.l(__main.o)
    0x000000c8   0x000000c8   0x0000003c   Code   RO          373    !!!scatter          c_p.l(__scatter.o)
    0x00000104   0x00000104   0x0000001a   Code   RO          375    !!handler_copy      c_p.l(__scatter_copy.o)
    0x0000011e   0x0000011e   0x00000002   PAD
    0x00000120   0x00000120   0x0000001c   Code   RO          377    !!handler_zi        c_p.l(__scatter_zi.o)
    0x0000013c   0x0000013c   0x00000002   Code   RO          236    .ARM.Collect$$libinit$$00000000  c_p.l(libinit.o)
    0x0000013e   0x0000013e   0x00000000   Code   RO          250    .ARM.Collect$$libinit$$00000002  c_p.l(libinit2.o)
    0x0000013e   0x0000013e   0x00000000   Code   RO          252    .ARM.Collect$$libinit$$00000004  c_p.l(libinit2.o)
    0x0000013e   0x0000013e   0x00000000   Code   RO          255    .ARM.Collect$$libinit$$0000000A  c_p.l(libinit2.o)
    0x0000013e   0x0000013e   0x00000000   Code   RO          257    .ARM.Collect$$libinit$$0000000C  c_p.l(libinit2.o)
    0x0000013e   0x0000013e   0x00000000   Code   RO          259    .ARM.Collect$$libinit$$0000000E  c_p.l(libinit2.o)
    0x0000013e   0x0000013e   0x00000000   Code   RO          262    .ARM.Collect$$libinit$$00000011  c_p.l(libinit2.o)
    0x0000013e   0x0000013e   0x00000000   Code   RO          264    .ARM.Collect$$libinit$$00000013  c_p.l(libinit2.o)
    0x0000013e   0x0000013e   0x00000000   Code   RO          266    .ARM.Collect$$libinit$$00000015  c_p.l(libinit2.o)
    0x0000013e   0x0000013e   0x00000000   Code   RO          268    .ARM.Collect$$libinit$$00000017  c_p.l(libinit2.o)
    0x0000013e   0x0000013e   0x00000000   Code   RO          270    .ARM.Collect$$libinit$$00000019  c_p.l(libinit2.o)
    0x0000013e   0x0000013e   0x00000000   Code   RO          272    .ARM.Collect$$libinit$$0000001B  c_p.l(libinit2.o)
    0x0000013e   0x0000013e   0x00000000   Code   RO          274    .ARM.Collect$$libinit$$0000001D  c_p.l(libinit2.o)
    0x0000013e   0x0000013e   0x00000000   Code   RO          276    .ARM.Collect$$libinit$$0000001F  c_p.l(libinit2.o)
    0x0000013e   0x0000013e   0x00000000   Code   RO          278    .ARM.Collect$$libinit$$00000021  c_p.l(libinit2.o)
    0x0000013e   0x0000013e   0x00000000   Code   RO          280    .ARM.Collect$$libinit$$00000023  c_p.l(libinit2.o)
    0x0000013e   0x0000013e   0x00000000   Code   RO          282    .ARM.Collect$$libinit$$00000025  c_p.l(libinit2.o)
    0x0000013e   0x0000013e   0x00000000   Code   RO          286    .ARM.Collect$$libinit$$0000002C  c_p.l(libinit2.o)
    0x0000013e   0x0000013e   0x00000000   Code   RO          288    .ARM.Collect$$libinit$$0000002E  c_p.l(libinit2.o)
    0x0000013e   0x0000013e   0x00000000   Code   RO          290    .ARM.Collect$$libinit$$00000030  c_p.l(libinit2.o)
    0x0000013e   0x0000013e   0x00000000   Code   RO          292    .ARM.Collect$$libinit$$00000032  c_p.l(libinit2.o)
    0x0000013e   0x0000013e   0x00000002   Code   RO          293    .ARM.Collect$$libinit$$00000033  c_p.l(libinit2.o)
    0x00000140   0x00000140   0x00000002   Code   RO          328    .ARM.Collect$$libshutdown$$00000000  c_p.l(libshutdown.o)
    0x00000142   0x00000142   0x00000000   Code   RO          356    .ARM.Collect$$libshutdown$$00000002  c_p.l(libshutdown2.o)
    0x00000142   0x00000142   0x00000000   Code   RO          358    .ARM.Collect$$libshutdown$$00000004  c_p.l(libshutdown2.o)
    0x00000142   0x00000142   0x00000000   Code   RO          361    .ARM.Collect$$libshutdown$$00000007  c_p.l(libshutdown2.o)
    0x00000142   0x00000142   0x00000000   Code   RO          364    .ARM.Collect$$libshutdown$$0000000A  c_p.l(libshutdown2.o)
    0x00000142   0x00000142   0x00000000   Code   RO          366    .ARM.Collect$$libshutdown$$0000000C  c_p.l(libshutdown2.o)
    0x00000142   0x00000142   0x00000000   Code   RO          369    .ARM.Collect$$libshutdown$$0000000F  c_p.l(libshutdown2.o)
    0x00000142   0x00000142   0x00000002   Code   RO          370    .ARM.Collect$$libshutdown$$00000010  c_p.l(libshutdown2.o)
    0x00000144   0x00000144   0x00000000   Code   RO          200    .ARM.Collect$$rtentry$$00000000  c_p.l(__rtentry.o)
    0x00000144   0x00000144   0x00000000   Code   RO          206    .ARM.Collect$$rtentry$$00000002  c_p.l(__rtentry2.o)
    0x00000144   0x00000144   0x00000006   Code   RO          218    .ARM.Collect$$rtentry$$00000004  c_p.l(__rtentry4.o)
    0x0000014a   0x0000014a   0x00000000   Code   RO          208    .ARM.Collect$$rtentry$$00000009  c_p.l(__rtentry2.o)
    0x0000014a   0x0000014a   0x00000004   Code   RO          209    .ARM.Collect$$rtentry$$0000000A  c_p.l(__rtentry2.o)
    0x0000014e   0x0000014e   0x00000000   Code   RO          211    .ARM.Collect$$rtentry$$0000000C  c_p.l(__rtentry2.o)
    0x0000014e   0x0000014e   0x00000008   Code   RO          212    .ARM.Collect$$rtentry$$0000000D  c_p.l(__rtentry2.o)
    0x00000156   0x00000156   0x00000002   Code   RO          241    .ARM.Collect$$rtexit$$00000000  c_p.l(rtexit.o)
    0x00000158   0x00000158   0x00000000   Code   RO          299    .ARM.Collect$$rtexit$$00000002  c_p.l(rtexit2.o)
    0x00000158   0x00000158   0x00000004   Code   RO          300    .ARM.Collect$$rtexit$$00000003  c_p.l(rtexit2.o)
    0x0000015c   0x0000015c   0x00000006   Code   RO          301    .ARM.Collect$$rtexit$$00000004  c_p.l(rtexit2.o)
    0x00000162   0x00000162   0x00000002   PAD
    0x00000164   0x00000164   0x00000034   Code   RO          165  * .text               startup_mkl05z4.o
    0x00000198   0x00000198   0x00000006   Code   RO          196    .text               c_p.l(heapauxi.o)
    0x0000019e   0x0000019e   0x0000003e   Code   RO          222    .text               c_p.l(sys_stackheap_outer.o)
    0x000001dc   0x000001dc   0x00000010   Code   RO          225    .text               c_p.l(exit.o)
    0x000001ec   0x000001ec   0x00000008   Code   RO          237    .text               c_p.l(libspace.o)
    0x000001f4   0x000001f4   0x0000000c   Code   RO          294    .text               c_p.l(sys_exit.o)
    0x00000200   0x00000200   0x00000002   Code   RO          317    .text               c_p.l(use_no_semi.o)
    0x00000202   0x00000202   0x00000000   Code   RO          319    .text               c_p.l(indicate_semi.o)
    0x00000202   0x00000202   0x00000002   PAD
    0x00000204   0x00000204   0x0000004c   Code   RO          101    .text.I2C_Init      i2c.o
    0x00000250   0x00000250   0x00000030   Code   RO          103    .text.I2C_Ping      i2c.o
    0x00000280   0x00000280   0x000000ac   Code   RO          139    .text.I2C_ReadRegBlock  i2c.o
    0x0000032c   0x0000032c   0x00000050   Code   RO          131    .text.I2C_WriteReg  i2c.o
    0x0000037c   0x0000037c   0x00000044   Code   RO           37    .text.InitDrive     initdrive.o
    0x000003c0   0x000003c0   0x00000020   Code   RO            4    .text.SysTick_Config  main.o
    0x000003e0   0x000003e0   0x00000010   Code   RO           57    .text.__NVIC_ClearPendingIRQ  inituart.o
    0x000003f0   0x000003f0   0x00000010   Code   RO           55    .text.__NVIC_EnableIRQ  inituart.o
    0x00000400   0x00000400   0x00000010   Code   RO          164    .ARM.__at_0x400     startup_mkl05z4.o
    0x00000410   0x00000410   0x0000003c   Code   RO           85    .text.InitLight     initlight.o
    0x0000044c   0x0000044c   0x000000a8   Code   RO           93    .text.InitPID       initpid.o
    0x000004f4   0x000004f4   0x0000006c   Code   RO           45    .text.InitPWM       initpwm.o
    0x00000560   0x00000560   0x00000074   Code   RO           53    .text.InitUART      inituart.o
    0x000005d4   0x000005d4   0x000000c4   Code   RO          153    .text.PIDreg        pidreg.o
    0x00000698   0x00000698   0x00000020   Code   RO            8    .text.SysTick_Handler  main.o
    0x000006b8   0x000006b8   0x0000004c   Code   RO          174    .text.SystemInit    system_mkl05z4.o
    0x00000704   0x00000704   0x00000060   Code   RO            6    .text.UART0_IRQHandler  main.o
    0x00000764   0x00000764   0x00000018   Code   RO           10    .text.__NVIC_SetPriority  main.o
    0x0000077c   0x0000077c   0x0000003c   Code   RO           76    .text.blinker       light.o
    0x000007b8   0x000007b8   0x0000000c   Code   RO          141    .text.i2c_ack       i2c.o
    0x000007c4   0x000007c4   0x0000000c   Code   RO          135    .text.i2c_clr_IICIF  i2c.o
    0x000007d0   0x000007d0   0x0000000c   Code   RO          117    .text.i2c_disable   i2c.o
    0x000007dc   0x000007dc   0x0000000c   Code   RO          105    .text.i2c_enable    i2c.o
    0x000007e8   0x000007e8   0x00000018   Code   RO          137    .text.i2c_m_rstart  i2c.o
    0x00000800   0x00000800   0x0000000c   Code   RO          109    .text.i2c_m_start   i2c.o
    0x0000080c   0x0000080c   0x0000000c   Code   RO          115    .text.i2c_m_stop    i2c.o
    0x00000818   0x00000818   0x0000000c   Code   RO          125    .text.i2c_nack      i2c.o
    0x00000824   0x00000824   0x0000000c   Code   RO          123    .text.i2c_rec       i2c.o
    0x00000830   0x00000830   0x00000008   Code   RO          127    .text.i2c_recv      i2c.o
    0x00000838   0x00000838   0x0000000c   Code   RO          111    .text.i2c_send      i2c.o
    0x00000844   0x00000844   0x00000010   Code   RO          107    .text.i2c_tran      i2c.o
    0x00000854   0x00000854   0x00000050   Code   RO          113    .text.i2c_wait      i2c.o
    0x000008a4   0x000008a4   0x0000004c   Code   RO          129    .text.i2c_wait_rec  i2c.o
    0x000008f0   0x000008f0   0x000000ec   Code   RO           74    .text.light         light.o
    0x000009dc   0x000009dc   0x000000e4   Code   RO            2    .text.main          main.o
    0x00000ac0   0x00000ac0   0x0000008c   Code   RO           66    .text.steering      steering.o
    0x00000b4c   0x00000b4c   0x000001f6   Code   RO          189    .text_divfast       c_p.l(aeabi_sdivfast.o)
    0x00000d42   0x00000d42   0x00000002   PAD
    0x00000d44   0x00000d44   0x00000020   Data   RO          372    Region$$Table       anon$$obj.o


    Execution Region ER_RW (Exec base: 0x1ffffc00, Load base: 0x00000d64, Size: 0x00000004, Max: 0xffffffff, ABSOLUTE)

    Exec Addr    Load Addr    Size         Type   Attr      Idx    E Section Name        Object

    0x1ffffc00   0x00000d64   0x00000004   Data   RW          178    .data.SystemCoreClock  system_mkl05z4.o


    Execution Region ER_ZI (Exec base: 0x1ffffc08, Load base: 0x00000d68, Size: 0x000001b0, Max: 0xffffffff, ABSOLUTE)

    Exec Addr    Load Addr    Size         Type   Attr      Idx    E Section Name        Object

    0x1ffffc08        -       0x00000060   Zero   RW          238    .bss                c_p.l(libspace.o)
    0x1ffffc68        -       0x00000001   Zero   RW           12    .bss.buff_index     main.o
    0x1ffffc69   0x00000d68   0x00000003   PAD
    0x1ffffc6c        -       0x00000004   Zero   RW           20    .bss.dif            main.o
    0x1ffffc70        -       0x00000001   Zero   RW          144    .bss.dummy          i2c.o
    0x1ffffc71        -       0x00000001   Zero   RW          143    .bss.error          i2c.o
    0x1ffffc72   0x00000d68   0x00000002   PAD
    0x1ffffc74        -       0x00000004   Zero   RW           21    .bss.gyro_error     main.o
    0x1ffffc78        -       0x00000004   Zero   RW           19    .bss.in             main.o
    0x1ffffc7c        -       0x00000002   Zero   RW           16    .bss.lb_active      main.o
    0x1ffffc7e        -       0x00000001   Zero   RW           13    .bss.message_ready  main.o
    0x1ffffc7f   0x00000d68   0x00000001   PAD
    0x1ffffc80        -       0x00000004   Zero   RW           18    .bss.pro            main.o
    0x1ffffc84        -       0x00000002   Zero   RW           17    .bss.rb_active      main.o
    0x1ffffc86        -       0x00000001   Zero   RW           23    .bss.right          main.o
    0x1ffffc87        -       0x00000020   Zero   RW           27    .bss.rx_buffer      main.o
    0x1ffffca7        -       0x00000001   Zero   RW           14    .bss.sekunda        main.o
    0x1ffffca8        -       0x00000001   Zero   RW           15    .bss.sekunda_OK     main.o
    0x1ffffca9   0x00000d68   0x00000001   PAD
    0x1ffffcaa        -       0x00000002   Zero   RW           24    .bss.speed          main.o
    0x1ffffcac        -       0x00000002   Zero   RW           25    .bss.steer          main.o
    0x1ffffcae        -       0x00000001   Zero   RW           26    .bss.steer_ext      main.o
    0x1ffffcaf   0x00000d68   0x00000001   PAD
    0x1ffffcb0        -       0x00000002   Zero   RW           22    .bss.z              main.o
    0x1ffffcb2   0x00000d68   0x00000006   PAD
    0x1ffffcb8        -       0x00000000   Zero   RW          162    HEAP                startup_mkl05z4.o
    0x1ffffcb8        -       0x00000100   Zero   RW          161    STACK               startup_mkl05z4.o


==============================================================================

Image component sizes


      Code (inc. data)   RO Data    RW Data    ZI Data      Debug   Object Name

       688         44          0          0          2       5239   i2c.o
        68          8          0          0          0       1642   initdrive.o
        60          4          0          0          0       1643   initlight.o
       168          4          0          0          0       1031   initpid.o
       108         20          0          0          0       1761   initpwm.o
       148         20          0          0          0       3192   inituart.o
       296         60          0          0          0        982   light.o
       412         40          0          0         64       4445   main.o
       196         36          0          0          0       1058   pidreg.o
        68         38        192          0        256        820   startup_mkl05z4.o
       140         28          0          0          0        882   steering.o
        76         16          0          4          0       2340   system_mkl05z4.o

    ----------------------------------------------------------------------
      2428        318        224          4        336      25035   Object Totals
         0          0         32          0          0          0   (incl. Generated)
         0          0          0          0         14          0   (incl. Padding)

    ----------------------------------------------------------------------

      Code (inc. data)   RO Data    RW Data    ZI Data      Debug   Library Member Name

         8          0          0          0          0         68   __main.o
         0          0          0          0          0          0   __rtentry.o
        12          0          0          0          0          0   __rtentry2.o
         6          0          0          0          0          0   __rtentry4.o
        60          8          0          0          0          0   __scatter.o
        26          0          0          0          0          0   __scatter_copy.o
        28          0          0          0          0          0   __scatter_zi.o
       502          0          0          0          0         92   aeabi_sdivfast.o
        16          0          0          0          0         68   exit.o
         6          0          0          0          0        136   heapauxi.o
         0          0          0          0          0          0   indicate_semi.o
         2          0          0          0          0          0   libinit.o
         2          0          0          0          0          0   libinit2.o
         2          0          0          0          0          0   libshutdown.o
         2          0          0          0          0          0   libshutdown2.o
         8          4          0          0         96         68   libspace.o
         2          0          0          0          0          0   rtexit.o
        10          0          0          0          0          0   rtexit2.o
        12          4          0          0          0         60   sys_exit.o
        62          0          0          0          0         80   sys_stackheap_outer.o
         2          0          0          0          0         68   use_no_semi.o

    ----------------------------------------------------------------------
       776         16          0          0         96        640   Library Totals
         8          0          0          0          0          0   (incl. Padding)

    ----------------------------------------------------------------------

      Code (inc. data)   RO Data    RW Data    ZI Data      Debug   Library Name

       768         16          0          0         96        640   c_p.l

    ----------------------------------------------------------------------
       776         16          0          0         96        640   Library Totals

    ----------------------------------------------------------------------

==============================================================================


      Code (inc. data)   RO Data    RW Data    ZI Data      Debug   

      3204        334        224          4        432      25331   Grand Totals
      3204        334        224          4        432      25331   ELF Image Totals
      3204        334        224          4          0          0   ROM Totals

==============================================================================

    Total RO  Size (Code + RO Data)                 3428 (   3.35kB)
    Total RW  Size (RW Data + ZI Data)               436 (   0.43kB)
    Total ROM Size (Code + RO Data + RW Data)       3432 (   3.35kB)

==============================================================================

